Warning: Permanently added '10.10.15.20' (ED25519) to the list of known hosts.
make -C 02_ram coverage
make[1]: Entering directory '/home/hedu17/UVM_TEST/02_ram'
make -C tb coverage
make[2]: Entering directory '/home/hedu17/UVM_TEST/02_ram/tb'
vcs -full64 -sverilog -ntb_opts uvm-1.2 -debug_access+all -kdb -lca -timescale=1ns/1ps -cm line+cond+fsm+tgl+branch+assert -cm_dir simv.vdb +incdir+/tools/synopsys/vcs/W-2024.09-SP1/etc/uvm-1.2 +incdir+. ./ram_if.sv ./tb_ram_pkg.sv ./ram_sva.sv ./tb_ram.sv ../rtl/ram.sv -top tb_ram -o simv
                         Chronologic VCS (TM)
       Version W-2024.09-SP1_Full64 -- Sun May 31 15:58:34 2026

                    Copyright (c) 1991 - 2024 Synopsys, Inc.
   This software and the associated documentation are proprietary to Synopsys,
 Inc. This software may only be used in accordance with the terms and conditions
 of a written license agreement with Synopsys, Inc. All other use, reproduction,
   or distribution of this software is strictly prohibited.  Licensed Products
     communicate with Synopsys servers for the purpose of providing software
    updates, detecting software piracy and verifying that customers are using
    Licensed Products in conformity with the applicable License Key for such
  Licensed Products. Synopsys will use information gathered in connection with
    this process to deliver software updates and pursue software pirates and
                                   infringers.

 Inclusivity & Diversity - Visit SolvNetPlus to read the "Synopsys Statement on
            Inclusivity and Diversity" (Refer to article 000036315 at
                        https://solvnetplus.synopsys.com)


Warning-[LCA_FEATURES_ENABLED] Usage warning
  LCA features enabled by '-lca' argument on the command line.  For more 
  information regarding list of LCA features please refer to Chapter "LCA 
  features" in the VCS Release Notes

Parsing design file '/tools/synopsys/vcs/W-2024.09-SP1/etc/uvm-1.2/uvm_pkg.sv'
Parsing included file '/tools/synopsys/vcs/W-2024.09-SP1/etc/uvm-1.2/uvm_macros.svh'.
Warning : License for product VCS-BASE-COMPILE will expire within 23 days, on: 22-jun-2026.

If you would like to temporarily disable this message, set 
 the VCS_LIC_EXPIRE_WARNING environment variable to the number of days
before expiration that you want this message to start (the minimum is 0).
Parsing included file '/tools/synopsys/vcs/W-2024.09-SP1/etc/uvm-1.2/macros/uvm_version_defines.svh'.
Back to file '/tools/synopsys/vcs/W-2024.09-SP1/etc/uvm-1.2/uvm_macros.svh'.
Parsing included file '/tools/synopsys/vcs/W-2024.09-SP1/etc/uvm-1.2/macros/uvm_global_defines.svh'.
Back to file '/tools/synopsys/vcs/W-2024.09-SP1/etc/uvm-1.2/uvm_macros.svh'.
Parsing included file '/tools/synopsys/vcs/W-2024.09-SP1/etc/uvm-1.2/macros/snps_macros.svp'.
Back to file '/tools/synopsys/vcs/W-2024.09-SP1/etc/uvm-1.2/uvm_macros.svh'.
Parsing included file '/tools/synopsys/vcs/W-2024.09-SP1/etc/uvm-1.2/macros/uvm_message_defines.svh'.
Back to file '/tools/synopsys/vcs/W-2024.09-SP1/etc/uvm-1.2/uvm_macros.svh'.
Parsing included file '/tools/synopsys/vcs/W-2024.09-SP1/etc/uvm-1.2/macros/uvm_phase_defines.svh'.
Back to file '/tools/synopsys/vcs/W-2024.09-SP1/etc/uvm-1.2/uvm_macros.svh'.
Parsing included file '/tools/synopsys/vcs/W-2024.09-SP1/etc/uvm-1.2/macros/uvm_object_defines.svh'.
Back to file '/tools/synopsys/vcs/W-2024.09-SP1/etc/uvm-1.2/uvm_macros.svh'.
Parsing included file '/tools/synopsys/vcs/W-2024.09-SP1/etc/uvm-1.2/macros/uvm_printer_defines.svh'.
Back to file '/tools/synopsys/vcs/W-2024.09-SP1/etc/uvm-1.2/uvm_macros.svh'.
Parsing included file '/tools/synopsys/vcs/W-2024.09-SP1/etc/uvm-1.2/macros/uvm_tlm_defines.svh'.
Parsing included file '/tools/synopsys/vcs/W-2024.09-SP1/etc/uvm-1.2/tlm1/uvm_tlm_imps.svh'.
Back to file '/tools/synopsys/vcs/W-2024.09-SP1/etc/uvm-1.2/macros/uvm_tlm_defines.svh'.
Back to file '/tools/synopsys/vcs/W-2024.09-SP1/etc/uvm-1.2/uvm_macros.svh'.
Parsing included file '/tools/synopsys/vcs/W-2024.09-SP1/etc/uvm-1.2/macros/uvm_sequence_defines.svh'.
Back to file '/tools/synopsys/vcs/W-2024.09-SP1/etc/uvm-1.2/uvm_macros.svh'.
Parsing included file '/tools/synopsys/vcs/W-2024.09-SP1/etc/uvm-1.2/macros/uvm_callback_defines.svh'.
Back to file '/tools/synopsys/vcs/W-2024.09-SP1/etc/uvm-1.2/uvm_macros.svh'.
Parsing included file '/tools/synopsys/vcs/W-2024.09-SP1/etc/uvm-1.2/macros/uvm_reg_defines.svh'.
Back to file '/tools/synopsys/vcs/W-2024.09-SP1/etc/uvm-1.2/uvm_macros.svh'.
Parsing included file '/tools/synopsys/vcs/W-2024.09-SP1/etc/uvm-1.2/macros/uvm_deprecated_defines.svh'.
Back to file '/tools/synopsys/vcs/W-2024.09-SP1/etc/uvm-1.2/uvm_macros.svh'.
Back to file '/tools/synopsys/vcs/W-2024.09-SP1/etc/uvm-1.2/uvm_pkg.sv'.
Parsing included file '/tools/synopsys/vcs/W-2024.09-SP1/etc/uvm-1.2/dpi/uvm_dpi.svh'.
Parsing included file '/tools/synopsys/vcs/W-2024.09-SP1/etc/uvm-1.2/dpi/uvm_hdl.svh'.
Back to file '/tools/synopsys/vcs/W-2024.09-SP1/etc/uvm-1.2/dpi/uvm_dpi.svh'.
Parsing included file '/tools/synopsys/vcs/W-2024.09-SP1/etc/uvm-1.2/dpi/uvm_svcmd_dpi.svh'.
Back to file '/tools/synopsys/vcs/W-2024.09-SP1/etc/uvm-1.2/dpi/uvm_dpi.svh'.
Parsing included file '/tools/synopsys/vcs/W-2024.09-SP1/etc/uvm-1.2/dpi/uvm_regex.svh'.
Back to file '/tools/synopsys/vcs/W-2024.09-SP1/etc/uvm-1.2/dpi/uvm_dpi.svh'.
Back to file '/tools/synopsys/vcs/W-2024.09-SP1/etc/uvm-1.2/uvm_pkg.sv'.
Parsing included file '/tools/synopsys/vcs/W-2024.09-SP1/etc/uvm-1.2/base/uvm_base.svh'.
Parsing included file '/tools/synopsys/vcs/W-2024.09-SP1/etc/uvm-1.2/base/uvm_coreservice.svh'.
Back to file '/tools/synopsys/vcs/W-2024.09-SP1/etc/uvm-1.2/base/uvm_base.svh'.
Parsing included file '/tools/synopsys/vcs/W-2024.09-SP1/etc/uvm-1.2/base/uvm_version.svh'.
Back to file '/tools/synopsys/vcs/W-2024.09-SP1/etc/uvm-1.2/base/uvm_base.svh'.
Parsing included file '/tools/synopsys/vcs/W-2024.09-SP1/etc/uvm-1.2/base/uvm_object_globals.svh'.
Back to file '/tools/synopsys/vcs/W-2024.09-SP1/etc/uvm-1.2/base/uvm_base.svh'.
Parsing included file '/tools/synopsys/vcs/W-2024.09-SP1/etc/uvm-1.2/base/uvm_misc.svh'.
Back to file '/tools/synopsys/vcs/W-2024.09-SP1/etc/uvm-1.2/base/uvm_base.svh'.
Parsing included file '/tools/synopsys/vcs/W-2024.09-SP1/etc/uvm-1.2/base/uvm_object.svh'.
Back to file '/tools/synopsys/vcs/W-2024.09-SP1/etc/uvm-1.2/base/uvm_base.svh'.
Parsing included file '/tools/synopsys/vcs/W-2024.09-SP1/etc/uvm-1.2/base/uvm_pool.svh'.
Back to file '/tools/synopsys/vcs/W-2024.09-SP1/etc/uvm-1.2/base/uvm_base.svh'.
Parsing included file '/tools/synopsys/vcs/W-2024.09-SP1/etc/uvm-1.2/base/uvm_queue.svh'.
Back to file '/tools/synopsys/vcs/W-2024.09-SP1/etc/uvm-1.2/base/uvm_base.svh'.
Parsing included file '/tools/synopsys/vcs/W-2024.09-SP1/etc/uvm-1.2/base/uvm_factory.svh'.
Back to file '/tools/synopsys/vcs/W-2024.09-SP1/etc/uvm-1.2/base/uvm_base.svh'.
Parsing included file '/tools/synopsys/vcs/W-2024.09-SP1/etc/uvm-1.2/base/uvm_registry.svh'.
Back to file '/tools/synopsys/vcs/W-2024.09-SP1/etc/uvm-1.2/base/uvm_base.svh'.
Parsing included file '/tools/synopsys/vcs/W-2024.09-SP1/etc/uvm-1.2/base/uvm_spell_chkr.svh'.
Back to file '/tools/synopsys/vcs/W-2024.09-SP1/etc/uvm-1.2/base/uvm_base.svh'.
Parsing included file '/tools/synopsys/vcs/W-2024.09-SP1/etc/uvm-1.2/base/uvm_resource.svh'.
Back to file '/tools/synopsys/vcs/W-2024.09-SP1/etc/uvm-1.2/base/uvm_base.svh'.
Parsing included file '/tools/synopsys/vcs/W-2024.09-SP1/etc/uvm-1.2/base/uvm_resource_specializations.svh'.
Back to file '/tools/synopsys/vcs/W-2024.09-SP1/etc/uvm-1.2/base/uvm_base.svh'.
Parsing included file '/tools/synopsys/vcs/W-2024.09-SP1/etc/uvm-1.2/base/uvm_resource_db.svh'.
Back to file '/tools/synopsys/vcs/W-2024.09-SP1/etc/uvm-1.2/base/uvm_base.svh'.
Parsing included file '/tools/synopsys/vcs/W-2024.09-SP1/etc/uvm-1.2/base/uvm_config_db.svh'.
Back to file '/tools/synopsys/vcs/W-2024.09-SP1/etc/uvm-1.2/base/uvm_base.svh'.
Parsing included file '/tools/synopsys/vcs/W-2024.09-SP1/etc/uvm-1.2/base/uvm_printer.svh'.
Back to file '/tools/synopsys/vcs/W-2024.09-SP1/etc/uvm-1.2/base/uvm_base.svh'.
Parsing included file '/tools/synopsys/vcs/W-2024.09-SP1/etc/uvm-1.2/base/uvm_comparer.svh'.
Back to file '/tools/synopsys/vcs/W-2024.09-SP1/etc/uvm-1.2/base/uvm_base.svh'.
Parsing included file '/tools/synopsys/vcs/W-2024.09-SP1/etc/uvm-1.2/base/uvm_packer.svh'.
Back to file '/tools/synopsys/vcs/W-2024.09-SP1/etc/uvm-1.2/base/uvm_base.svh'.
Parsing included file '/tools/synopsys/vcs/W-2024.09-SP1/etc/uvm-1.2/base/uvm_links.svh'.
Back to file '/tools/synopsys/vcs/W-2024.09-SP1/etc/uvm-1.2/base/uvm_base.svh'.
Parsing included file '/tools/synopsys/vcs/W-2024.09-SP1/etc/uvm-1.2/base/uvm_tr_database.svh'.
Back to file '/tools/synopsys/vcs/W-2024.09-SP1/etc/uvm-1.2/base/uvm_base.svh'.
Parsing included file '/tools/synopsys/vcs/W-2024.09-SP1/etc/uvm-1.2/base/uvm_tr_stream.svh'.
Back to file '/tools/synopsys/vcs/W-2024.09-SP1/etc/uvm-1.2/base/uvm_base.svh'.
Parsing included file '/tools/synopsys/vcs/W-2024.09-SP1/etc/uvm-1.2/base/uvm_recorder.svh'.
Back to file '/tools/synopsys/vcs/W-2024.09-SP1/etc/uvm-1.2/base/uvm_base.svh'.
Parsing included file '/tools/synopsys/vcs/W-2024.09-SP1/etc/uvm-1.2/base/uvm_event_callback.svh'.
Back to file '/tools/synopsys/vcs/W-2024.09-SP1/etc/uvm-1.2/base/uvm_base.svh'.
Parsing included file '/tools/synopsys/vcs/W-2024.09-SP1/etc/uvm-1.2/base/uvm_event.svh'.
Back to file '/tools/synopsys/vcs/W-2024.09-SP1/etc/uvm-1.2/base/uvm_base.svh'.
Parsing included file '/tools/synopsys/vcs/W-2024.09-SP1/etc/uvm-1.2/base/uvm_barrier.svh'.
Back to file '/tools/synopsys/vcs/W-2024.09-SP1/etc/uvm-1.2/base/uvm_base.svh'.
Parsing included file '/tools/synopsys/vcs/W-2024.09-SP1/etc/uvm-1.2/base/uvm_callback.svh'.
Parsing included file '/tools/synopsys/vcs/W-2024.09-SP1/etc/uvm-1.2/uvm_macros.svh'.
Back to file '/tools/synopsys/vcs/W-2024.09-SP1/etc/uvm-1.2/base/uvm_callback.svh'.
Back to file '/tools/synopsys/vcs/W-2024.09-SP1/etc/uvm-1.2/base/uvm_base.svh'.
Parsing included file '/tools/synopsys/vcs/W-2024.09-SP1/etc/uvm-1.2/base/uvm_report_message.svh'.
Back to file '/tools/synopsys/vcs/W-2024.09-SP1/etc/uvm-1.2/base/uvm_base.svh'.
Parsing included file '/tools/synopsys/vcs/W-2024.09-SP1/etc/uvm-1.2/base/uvm_report_catcher.svh'.
Back to file '/tools/synopsys/vcs/W-2024.09-SP1/etc/uvm-1.2/base/uvm_base.svh'.
Parsing included file '/tools/synopsys/vcs/W-2024.09-SP1/etc/uvm-1.2/base/uvm_report_server.svh'.
Back to file '/tools/synopsys/vcs/W-2024.09-SP1/etc/uvm-1.2/base/uvm_base.svh'.
Parsing included file '/tools/synopsys/vcs/W-2024.09-SP1/etc/uvm-1.2/base/uvm_report_handler.svh'.
Back to file '/tools/synopsys/vcs/W-2024.09-SP1/etc/uvm-1.2/base/uvm_base.svh'.
Parsing included file '/tools/synopsys/vcs/W-2024.09-SP1/etc/uvm-1.2/base/uvm_report_object.svh'.
Back to file '/tools/synopsys/vcs/W-2024.09-SP1/etc/uvm-1.2/base/uvm_base.svh'.
Parsing included file '/tools/synopsys/vcs/W-2024.09-SP1/etc/uvm-1.2/base/uvm_transaction.svh'.
Back to file '/tools/synopsys/vcs/W-2024.09-SP1/etc/uvm-1.2/base/uvm_base.svh'.
Parsing included file '/tools/synopsys/vcs/W-2024.09-SP1/etc/uvm-1.2/base/uvm_phase.svh'.
Back to file '/tools/synopsys/vcs/W-2024.09-SP1/etc/uvm-1.2/base/uvm_base.svh'.
Parsing included file '/tools/synopsys/vcs/W-2024.09-SP1/etc/uvm-1.2/base/uvm_domain.svh'.
Back to file '/tools/synopsys/vcs/W-2024.09-SP1/etc/uvm-1.2/base/uvm_base.svh'.
Parsing included file '/tools/synopsys/vcs/W-2024.09-SP1/etc/uvm-1.2/base/uvm_bottomup_phase.svh'.
Back to file '/tools/synopsys/vcs/W-2024.09-SP1/etc/uvm-1.2/base/uvm_base.svh'.
Parsing included file '/tools/synopsys/vcs/W-2024.09-SP1/etc/uvm-1.2/base/uvm_topdown_phase.svh'.
Back to file '/tools/synopsys/vcs/W-2024.09-SP1/etc/uvm-1.2/base/uvm_base.svh'.
Parsing included file '/tools/synopsys/vcs/W-2024.09-SP1/etc/uvm-1.2/base/uvm_task_phase.svh'.
Back to file '/tools/synopsys/vcs/W-2024.09-SP1/etc/uvm-1.2/base/uvm_base.svh'.
Parsing included file '/tools/synopsys/vcs/W-2024.09-SP1/etc/uvm-1.2/base/uvm_common_phases.svh'.
Back to file '/tools/synopsys/vcs/W-2024.09-SP1/etc/uvm-1.2/base/uvm_base.svh'.
Parsing included file '/tools/synopsys/vcs/W-2024.09-SP1/etc/uvm-1.2/base/uvm_runtime_phases.svh'.
Back to file '/tools/synopsys/vcs/W-2024.09-SP1/etc/uvm-1.2/base/uvm_base.svh'.
Parsing included file '/tools/synopsys/vcs/W-2024.09-SP1/etc/uvm-1.2/base/uvm_component.svh'.
Parsing included file '/tools/synopsys/vcs/W-2024.09-SP1/etc/uvm-1.2/base/uvm_root.svh'.
Back to file '/tools/synopsys/vcs/W-2024.09-SP1/etc/uvm-1.2/base/uvm_component.svh'.
Back to file '/tools/synopsys/vcs/W-2024.09-SP1/etc/uvm-1.2/base/uvm_base.svh'.
Parsing included file '/tools/synopsys/vcs/W-2024.09-SP1/etc/uvm-1.2/base/uvm_objection.svh'.
Back to file '/tools/synopsys/vcs/W-2024.09-SP1/etc/uvm-1.2/base/uvm_base.svh'.
Parsing included file '/tools/synopsys/vcs/W-2024.09-SP1/etc/uvm-1.2/base/uvm_heartbeat.svh'.
Back to file '/tools/synopsys/vcs/W-2024.09-SP1/etc/uvm-1.2/base/uvm_base.svh'.
Parsing included file '/tools/synopsys/vcs/W-2024.09-SP1/etc/uvm-1.2/base/uvm_globals.svh'.
Back to file '/tools/synopsys/vcs/W-2024.09-SP1/etc/uvm-1.2/base/uvm_base.svh'.
Parsing included file '/tools/synopsys/vcs/W-2024.09-SP1/etc/uvm-1.2/base/uvm_cmdline_processor.svh'.
Back to file '/tools/synopsys/vcs/W-2024.09-SP1/etc/uvm-1.2/base/uvm_base.svh'.
Parsing included file '/tools/synopsys/vcs/W-2024.09-SP1/etc/uvm-1.2/base/uvm_traversal.svh'.
Back to file '/tools/synopsys/vcs/W-2024.09-SP1/etc/uvm-1.2/base/uvm_base.svh'.
Back to file '/tools/synopsys/vcs/W-2024.09-SP1/etc/uvm-1.2/uvm_pkg.sv'.
Parsing included file '/tools/synopsys/vcs/W-2024.09-SP1/etc/uvm-1.2/dap/uvm_dap.svh'.
Parsing included file '/tools/synopsys/vcs/W-2024.09-SP1/etc/uvm-1.2/dap/uvm_set_get_dap_base.svh'.
Back to file '/tools/synopsys/vcs/W-2024.09-SP1/etc/uvm-1.2/dap/uvm_dap.svh'.
Parsing included file '/tools/synopsys/vcs/W-2024.09-SP1/etc/uvm-1.2/dap/uvm_simple_lock_dap.svh'.
Back to file '/tools/synopsys/vcs/W-2024.09-SP1/etc/uvm-1.2/dap/uvm_dap.svh'.
Parsing included file '/tools/synopsys/vcs/W-2024.09-SP1/etc/uvm-1.2/dap/uvm_get_to_lock_dap.svh'.
Back to file '/tools/synopsys/vcs/W-2024.09-SP1/etc/uvm-1.2/dap/uvm_dap.svh'.
Parsing included file '/tools/synopsys/vcs/W-2024.09-SP1/etc/uvm-1.2/dap/uvm_set_before_get_dap.svh'.
Back to file '/tools/synopsys/vcs/W-2024.09-SP1/etc/uvm-1.2/dap/uvm_dap.svh'.
Back to file '/tools/synopsys/vcs/W-2024.09-SP1/etc/uvm-1.2/uvm_pkg.sv'.
Parsing included file '/tools/synopsys/vcs/W-2024.09-SP1/etc/uvm-1.2/tlm1/uvm_tlm.svh'.
Parsing included file '/tools/synopsys/vcs/W-2024.09-SP1/etc/uvm-1.2/tlm1/uvm_tlm_ifs.svh'.
Back to file '/tools/synopsys/vcs/W-2024.09-SP1/etc/uvm-1.2/tlm1/uvm_tlm.svh'.
Parsing included file '/tools/synopsys/vcs/W-2024.09-SP1/etc/uvm-1.2/tlm1/uvm_sqr_ifs.svh'.
Back to file '/tools/synopsys/vcs/W-2024.09-SP1/etc/uvm-1.2/tlm1/uvm_tlm.svh'.
Parsing included file '/tools/synopsys/vcs/W-2024.09-SP1/etc/uvm-1.2/base/uvm_port_base.svh'.
Back to file '/tools/synopsys/vcs/W-2024.09-SP1/etc/uvm-1.2/tlm1/uvm_tlm.svh'.
Parsing included file '/tools/synopsys/vcs/W-2024.09-SP1/etc/uvm-1.2/tlm1/uvm_tlm_imps.svh'.
Back to file '/tools/synopsys/vcs/W-2024.09-SP1/etc/uvm-1.2/tlm1/uvm_tlm.svh'.
Parsing included file '/tools/synopsys/vcs/W-2024.09-SP1/etc/uvm-1.2/tlm1/uvm_imps.svh'.
Back to file '/tools/synopsys/vcs/W-2024.09-SP1/etc/uvm-1.2/tlm1/uvm_tlm.svh'.
Parsing included file '/tools/synopsys/vcs/W-2024.09-SP1/etc/uvm-1.2/tlm1/uvm_ports.svh'.
Back to file '/tools/synopsys/vcs/W-2024.09-SP1/etc/uvm-1.2/tlm1/uvm_tlm.svh'.
Parsing included file '/tools/synopsys/vcs/W-2024.09-SP1/etc/uvm-1.2/tlm1/uvm_exports.svh'.
Back to file '/tools/synopsys/vcs/W-2024.09-SP1/etc/uvm-1.2/tlm1/uvm_tlm.svh'.
Parsing included file '/tools/synopsys/vcs/W-2024.09-SP1/etc/uvm-1.2/tlm1/uvm_analysis_port.svh'.
Back to file '/tools/synopsys/vcs/W-2024.09-SP1/etc/uvm-1.2/tlm1/uvm_tlm.svh'.
Parsing included file '/tools/synopsys/vcs/W-2024.09-SP1/etc/uvm-1.2/tlm1/uvm_tlm_fifo_base.svh'.
Back to file '/tools/synopsys/vcs/W-2024.09-SP1/etc/uvm-1.2/tlm1/uvm_tlm.svh'.
Parsing included file '/tools/synopsys/vcs/W-2024.09-SP1/etc/uvm-1.2/tlm1/uvm_tlm_fifos.svh'.
Back to file '/tools/synopsys/vcs/W-2024.09-SP1/etc/uvm-1.2/tlm1/uvm_tlm.svh'.
Parsing included file '/tools/synopsys/vcs/W-2024.09-SP1/etc/uvm-1.2/tlm1/uvm_tlm_req_rsp.svh'.
Back to file '/tools/synopsys/vcs/W-2024.09-SP1/etc/uvm-1.2/tlm1/uvm_tlm.svh'.
Parsing included file '/tools/synopsys/vcs/W-2024.09-SP1/etc/uvm-1.2/tlm1/uvm_sqr_connections.svh'.
Back to file '/tools/synopsys/vcs/W-2024.09-SP1/etc/uvm-1.2/tlm1/uvm_tlm.svh'.
Back to file '/tools/synopsys/vcs/W-2024.09-SP1/etc/uvm-1.2/uvm_pkg.sv'.
Parsing included file '/tools/synopsys/vcs/W-2024.09-SP1/etc/uvm-1.2/comps/uvm_comps.svh'.
Parsing included file '/tools/synopsys/vcs/W-2024.09-SP1/etc/uvm-1.2/comps/uvm_pair.svh'.
Back to file '/tools/synopsys/vcs/W-2024.09-SP1/etc/uvm-1.2/comps/uvm_comps.svh'.
Parsing included file '/tools/synopsys/vcs/W-2024.09-SP1/etc/uvm-1.2/comps/uvm_policies.svh'.
Back to file '/tools/synopsys/vcs/W-2024.09-SP1/etc/uvm-1.2/comps/uvm_comps.svh'.
Parsing included file '/tools/synopsys/vcs/W-2024.09-SP1/etc/uvm-1.2/comps/uvm_in_order_comparator.svh'.
Back to file '/tools/synopsys/vcs/W-2024.09-SP1/etc/uvm-1.2/comps/uvm_comps.svh'.
Parsing included file '/tools/synopsys/vcs/W-2024.09-SP1/etc/uvm-1.2/comps/uvm_algorithmic_comparator.svh'.
Back to file '/tools/synopsys/vcs/W-2024.09-SP1/etc/uvm-1.2/comps/uvm_comps.svh'.
Parsing included file '/tools/synopsys/vcs/W-2024.09-SP1/etc/uvm-1.2/comps/uvm_random_stimulus.svh'.
Back to file '/tools/synopsys/vcs/W-2024.09-SP1/etc/uvm-1.2/comps/uvm_comps.svh'.
Parsing included file '/tools/synopsys/vcs/W-2024.09-SP1/etc/uvm-1.2/comps/uvm_subscriber.svh'.
Back to file '/tools/synopsys/vcs/W-2024.09-SP1/etc/uvm-1.2/comps/uvm_comps.svh'.
Parsing included file '/tools/synopsys/vcs/W-2024.09-SP1/etc/uvm-1.2/comps/uvm_monitor.svh'.
Back to file '/tools/synopsys/vcs/W-2024.09-SP1/etc/uvm-1.2/comps/uvm_comps.svh'.
Parsing included file '/tools/synopsys/vcs/W-2024.09-SP1/etc/uvm-1.2/comps/uvm_driver.svh'.
Back to file '/tools/synopsys/vcs/W-2024.09-SP1/etc/uvm-1.2/comps/uvm_comps.svh'.
Parsing included file '/tools/synopsys/vcs/W-2024.09-SP1/etc/uvm-1.2/comps/uvm_push_driver.svh'.
Back to file '/tools/synopsys/vcs/W-2024.09-SP1/etc/uvm-1.2/comps/uvm_comps.svh'.
Parsing included file '/tools/synopsys/vcs/W-2024.09-SP1/etc/uvm-1.2/comps/uvm_scoreboard.svh'.
Back to file '/tools/synopsys/vcs/W-2024.09-SP1/etc/uvm-1.2/comps/uvm_comps.svh'.
Parsing included file '/tools/synopsys/vcs/W-2024.09-SP1/etc/uvm-1.2/comps/uvm_agent.svh'.
Back to file '/tools/synopsys/vcs/W-2024.09-SP1/etc/uvm-1.2/comps/uvm_comps.svh'.
Parsing included file '/tools/synopsys/vcs/W-2024.09-SP1/etc/uvm-1.2/comps/uvm_env.svh'.
Back to file '/tools/synopsys/vcs/W-2024.09-SP1/etc/uvm-1.2/comps/uvm_comps.svh'.
Parsing included file '/tools/synopsys/vcs/W-2024.09-SP1/etc/uvm-1.2/comps/uvm_test.svh'.
Back to file '/tools/synopsys/vcs/W-2024.09-SP1/etc/uvm-1.2/comps/uvm_comps.svh'.
Back to file '/tools/synopsys/vcs/W-2024.09-SP1/etc/uvm-1.2/uvm_pkg.sv'.
Parsing included file '/tools/synopsys/vcs/W-2024.09-SP1/etc/uvm-1.2/seq/uvm_seq.svh'.
Parsing included file '/tools/synopsys/vcs/W-2024.09-SP1/etc/uvm-1.2/seq/uvm_sequence_item.svh'.
Back to file '/tools/synopsys/vcs/W-2024.09-SP1/etc/uvm-1.2/seq/uvm_seq.svh'.
Parsing included file '/tools/synopsys/vcs/W-2024.09-SP1/etc/uvm-1.2/seq/uvm_sequencer_base.svh'.
Back to file '/tools/synopsys/vcs/W-2024.09-SP1/etc/uvm-1.2/seq/uvm_seq.svh'.
Parsing included file '/tools/synopsys/vcs/W-2024.09-SP1/etc/uvm-1.2/seq/uvm_sequencer_analysis_fifo.svh'.
Back to file '/tools/synopsys/vcs/W-2024.09-SP1/etc/uvm-1.2/seq/uvm_seq.svh'.
Parsing included file '/tools/synopsys/vcs/W-2024.09-SP1/etc/uvm-1.2/seq/uvm_sequencer_param_base.svh'.
Back to file '/tools/synopsys/vcs/W-2024.09-SP1/etc/uvm-1.2/seq/uvm_seq.svh'.
Parsing included file '/tools/synopsys/vcs/W-2024.09-SP1/etc/uvm-1.2/seq/uvm_sequencer.svh'.
Back to file '/tools/synopsys/vcs/W-2024.09-SP1/etc/uvm-1.2/seq/uvm_seq.svh'.
Parsing included file '/tools/synopsys/vcs/W-2024.09-SP1/etc/uvm-1.2/seq/uvm_push_sequencer.svh'.
Back to file '/tools/synopsys/vcs/W-2024.09-SP1/etc/uvm-1.2/seq/uvm_seq.svh'.
Parsing included file '/tools/synopsys/vcs/W-2024.09-SP1/etc/uvm-1.2/seq/uvm_sequence_base.svh'.
Back to file '/tools/synopsys/vcs/W-2024.09-SP1/etc/uvm-1.2/seq/uvm_seq.svh'.
Parsing included file '/tools/synopsys/vcs/W-2024.09-SP1/etc/uvm-1.2/seq/uvm_sequence.svh'.
Back to file '/tools/synopsys/vcs/W-2024.09-SP1/etc/uvm-1.2/seq/uvm_seq.svh'.
Parsing included file '/tools/synopsys/vcs/W-2024.09-SP1/etc/uvm-1.2/seq/uvm_sequence_library.svh'.
Back to file '/tools/synopsys/vcs/W-2024.09-SP1/etc/uvm-1.2/seq/uvm_seq.svh'.
Parsing included file '/tools/synopsys/vcs/W-2024.09-SP1/etc/uvm-1.2/seq/uvm_sequence_builtin.svh'.
Back to file '/tools/synopsys/vcs/W-2024.09-SP1/etc/uvm-1.2/seq/uvm_seq.svh'.
Back to file '/tools/synopsys/vcs/W-2024.09-SP1/etc/uvm-1.2/uvm_pkg.sv'.
Parsing included file '/tools/synopsys/vcs/W-2024.09-SP1/etc/uvm-1.2/tlm2/uvm_tlm2.svh'.
Parsing included file '/tools/synopsys/vcs/W-2024.09-SP1/etc/uvm-1.2/tlm2/uvm_tlm2_defines.svh'.
Back to file '/tools/synopsys/vcs/W-2024.09-SP1/etc/uvm-1.2/tlm2/uvm_tlm2.svh'.
Parsing included file '/tools/synopsys/vcs/W-2024.09-SP1/etc/uvm-1.2/tlm2/uvm_tlm2_time.svh'.
Back to file '/tools/synopsys/vcs/W-2024.09-SP1/etc/uvm-1.2/tlm2/uvm_tlm2.svh'.
Parsing included file '/tools/synopsys/vcs/W-2024.09-SP1/etc/uvm-1.2/tlm2/uvm_tlm2_generic_payload.svh'.
Back to file '/tools/synopsys/vcs/W-2024.09-SP1/etc/uvm-1.2/tlm2/uvm_tlm2.svh'.
Parsing included file '/tools/synopsys/vcs/W-2024.09-SP1/etc/uvm-1.2/tlm2/uvm_tlm2_ifs.svh'.
Back to file '/tools/synopsys/vcs/W-2024.09-SP1/etc/uvm-1.2/tlm2/uvm_tlm2.svh'.
Parsing included file '/tools/synopsys/vcs/W-2024.09-SP1/etc/uvm-1.2/tlm2/uvm_tlm2_imps.svh'.
Back to file '/tools/synopsys/vcs/W-2024.09-SP1/etc/uvm-1.2/tlm2/uvm_tlm2.svh'.
Parsing included file '/tools/synopsys/vcs/W-2024.09-SP1/etc/uvm-1.2/tlm2/uvm_tlm2_ports.svh'.
Back to file '/tools/synopsys/vcs/W-2024.09-SP1/etc/uvm-1.2/tlm2/uvm_tlm2.svh'.
Parsing included file '/tools/synopsys/vcs/W-2024.09-SP1/etc/uvm-1.2/tlm2/uvm_tlm2_exports.svh'.
Back to file '/tools/synopsys/vcs/W-2024.09-SP1/etc/uvm-1.2/tlm2/uvm_tlm2.svh'.
Parsing included file '/tools/synopsys/vcs/W-2024.09-SP1/etc/uvm-1.2/tlm2/uvm_tlm2_sockets_base.svh'.
Back to file '/tools/synopsys/vcs/W-2024.09-SP1/etc/uvm-1.2/tlm2/uvm_tlm2.svh'.
Parsing included file '/tools/synopsys/vcs/W-2024.09-SP1/etc/uvm-1.2/tlm2/uvm_tlm2_sockets.svh'.
Back to file '/tools/synopsys/vcs/W-2024.09-SP1/etc/uvm-1.2/tlm2/uvm_tlm2.svh'.
Back to file '/tools/synopsys/vcs/W-2024.09-SP1/etc/uvm-1.2/uvm_pkg.sv'.
Parsing included file '/tools/synopsys/vcs/W-2024.09-SP1/etc/uvm-1.2/reg/uvm_reg_model.svh'.
Parsing included file '/tools/synopsys/vcs/W-2024.09-SP1/etc/uvm-1.2/reg/uvm_reg_item.svh'.
Back to file '/tools/synopsys/vcs/W-2024.09-SP1/etc/uvm-1.2/reg/uvm_reg_model.svh'.
Parsing included file '/tools/synopsys/vcs/W-2024.09-SP1/etc/uvm-1.2/reg/uvm_reg_adapter.svh'.
Back to file '/tools/synopsys/vcs/W-2024.09-SP1/etc/uvm-1.2/reg/uvm_reg_model.svh'.
Parsing included file '/tools/synopsys/vcs/W-2024.09-SP1/etc/uvm-1.2/reg/uvm_reg_predictor.svh'.
Back to file '/tools/synopsys/vcs/W-2024.09-SP1/etc/uvm-1.2/reg/uvm_reg_model.svh'.
Parsing included file '/tools/synopsys/vcs/W-2024.09-SP1/etc/uvm-1.2/reg/uvm_reg_sequence.svh'.
Back to file '/tools/synopsys/vcs/W-2024.09-SP1/etc/uvm-1.2/reg/uvm_reg_model.svh'.
Parsing included file '/tools/synopsys/vcs/W-2024.09-SP1/etc/uvm-1.2/reg/uvm_reg_cbs.svh'.
Back to file '/tools/synopsys/vcs/W-2024.09-SP1/etc/uvm-1.2/reg/uvm_reg_model.svh'.
Parsing included file '/tools/synopsys/vcs/W-2024.09-SP1/etc/uvm-1.2/reg/uvm_reg_backdoor.svh'.
Back to file '/tools/synopsys/vcs/W-2024.09-SP1/etc/uvm-1.2/reg/uvm_reg_model.svh'.
Parsing included file '/tools/synopsys/vcs/W-2024.09-SP1/etc/uvm-1.2/reg/uvm_reg_field.svh'.
Back to file '/tools/synopsys/vcs/W-2024.09-SP1/etc/uvm-1.2/reg/uvm_reg_model.svh'.
Parsing included file '/tools/synopsys/vcs/W-2024.09-SP1/etc/uvm-1.2/reg/uvm_vreg_field.svh'.
Back to file '/tools/synopsys/vcs/W-2024.09-SP1/etc/uvm-1.2/reg/uvm_reg_model.svh'.
Parsing included file '/tools/synopsys/vcs/W-2024.09-SP1/etc/uvm-1.2/reg/uvm_reg.svh'.
Back to file '/tools/synopsys/vcs/W-2024.09-SP1/etc/uvm-1.2/reg/uvm_reg_model.svh'.
Parsing included file '/tools/synopsys/vcs/W-2024.09-SP1/etc/uvm-1.2/reg/uvm_reg_indirect.svh'.
Back to file '/tools/synopsys/vcs/W-2024.09-SP1/etc/uvm-1.2/reg/uvm_reg_model.svh'.
Parsing included file '/tools/synopsys/vcs/W-2024.09-SP1/etc/uvm-1.2/reg/uvm_reg_fifo.svh'.
Back to file '/tools/synopsys/vcs/W-2024.09-SP1/etc/uvm-1.2/reg/uvm_reg_model.svh'.
Parsing included file '/tools/synopsys/vcs/W-2024.09-SP1/etc/uvm-1.2/reg/uvm_reg_file.svh'.
Back to file '/tools/synopsys/vcs/W-2024.09-SP1/etc/uvm-1.2/reg/uvm_reg_model.svh'.
Parsing included file '/tools/synopsys/vcs/W-2024.09-SP1/etc/uvm-1.2/reg/uvm_mem_mam.svh'.
Back to file '/tools/synopsys/vcs/W-2024.09-SP1/etc/uvm-1.2/reg/uvm_reg_model.svh'.
Parsing included file '/tools/synopsys/vcs/W-2024.09-SP1/etc/uvm-1.2/reg/uvm_vreg.svh'.
Back to file '/tools/synopsys/vcs/W-2024.09-SP1/etc/uvm-1.2/reg/uvm_reg_model.svh'.
Parsing included file '/tools/synopsys/vcs/W-2024.09-SP1/etc/uvm-1.2/reg/uvm_mem.svh'.
Back to file '/tools/synopsys/vcs/W-2024.09-SP1/etc/uvm-1.2/reg/uvm_reg_model.svh'.
Parsing included file '/tools/synopsys/vcs/W-2024.09-SP1/etc/uvm-1.2/reg/uvm_reg_map.svh'.
Back to file '/tools/synopsys/vcs/W-2024.09-SP1/etc/uvm-1.2/reg/uvm_reg_model.svh'.
Parsing included file '/tools/synopsys/vcs/W-2024.09-SP1/etc/uvm-1.2/reg/uvm_reg_block.svh'.
Back to file '/tools/synopsys/vcs/W-2024.09-SP1/etc/uvm-1.2/reg/uvm_reg_model.svh'.
Parsing included file '/tools/synopsys/vcs/W-2024.09-SP1/etc/uvm-1.2/reg/sequences/uvm_reg_hw_reset_seq.svh'.
Back to file '/tools/synopsys/vcs/W-2024.09-SP1/etc/uvm-1.2/reg/uvm_reg_model.svh'.
Parsing included file '/tools/synopsys/vcs/W-2024.09-SP1/etc/uvm-1.2/reg/sequences/uvm_reg_bit_bash_seq.svh'.
Back to file '/tools/synopsys/vcs/W-2024.09-SP1/etc/uvm-1.2/reg/uvm_reg_model.svh'.
Parsing included file '/tools/synopsys/vcs/W-2024.09-SP1/etc/uvm-1.2/reg/sequences/uvm_mem_walk_seq.svh'.
Back to file '/tools/synopsys/vcs/W-2024.09-SP1/etc/uvm-1.2/reg/uvm_reg_model.svh'.
Parsing included file '/tools/synopsys/vcs/W-2024.09-SP1/etc/uvm-1.2/reg/sequences/uvm_mem_access_seq.svh'.
Back to file '/tools/synopsys/vcs/W-2024.09-SP1/etc/uvm-1.2/reg/uvm_reg_model.svh'.
Parsing included file '/tools/synopsys/vcs/W-2024.09-SP1/etc/uvm-1.2/reg/sequences/uvm_reg_access_seq.svh'.
Back to file '/tools/synopsys/vcs/W-2024.09-SP1/etc/uvm-1.2/reg/uvm_reg_model.svh'.
Parsing included file '/tools/synopsys/vcs/W-2024.09-SP1/etc/uvm-1.2/reg/sequences/uvm_reg_mem_shared_access_seq.svh'.
Back to file '/tools/synopsys/vcs/W-2024.09-SP1/etc/uvm-1.2/reg/uvm_reg_model.svh'.
Parsing included file '/tools/synopsys/vcs/W-2024.09-SP1/etc/uvm-1.2/reg/sequences/uvm_reg_mem_built_in_seq.svh'.
Back to file '/tools/synopsys/vcs/W-2024.09-SP1/etc/uvm-1.2/reg/uvm_reg_model.svh'.
Parsing included file '/tools/synopsys/vcs/W-2024.09-SP1/etc/uvm-1.2/reg/sequences/uvm_reg_mem_hdl_paths_seq.svh'.
Back to file '/tools/synopsys/vcs/W-2024.09-SP1/etc/uvm-1.2/reg/uvm_reg_model.svh'.
Parsing included file '/tools/synopsys/vcs/W-2024.09-SP1/etc/uvm-1.2/reg/snps_uvm_reg_bank.svh'.
Back to file '/tools/synopsys/vcs/W-2024.09-SP1/etc/uvm-1.2/reg/uvm_reg_model.svh'.
Back to file '/tools/synopsys/vcs/W-2024.09-SP1/etc/uvm-1.2/uvm_pkg.sv'.
Parsing included file '/tools/synopsys/vcs/W-2024.09-SP1/etc/uvm-1.2/vcs/vcs_uvm_alt.sv'.
Back to file '/tools/synopsys/vcs/W-2024.09-SP1/etc/uvm-1.2/uvm_pkg.sv'.
Parsing design file '/tools/synopsys/vcs/W-2024.09-SP1/etc/uvm-1.2/vcs/uvm_custom_install_vcs_recorder.sv'
Parsing included file '/tools/synopsys/vcs/W-2024.09-SP1/etc/uvm-1.2/vcs/msglog.svh'.
Back to file '/tools/synopsys/vcs/W-2024.09-SP1/etc/uvm-1.2/vcs/uvm_custom_install_vcs_recorder.sv'.
Parsing included file '/tools/synopsys/vcs/W-2024.09-SP1/etc/uvm-1.2/vcs/uvm_msglog_report_server.sv'.
Back to file '/tools/synopsys/vcs/W-2024.09-SP1/etc/uvm-1.2/vcs/uvm_custom_install_vcs_recorder.sv'.
Parsing included file '/tools/synopsys/vcs/W-2024.09-SP1/etc/uvm-1.2/vcs/uvm_vcs_recorder.svh'.
Parsing included file '/tools/synopsys/vcs/W-2024.09-SP1/etc/uvm-1.2/vcs/uvm_vcs_tr_database.svh'.
Parsing included file '/tools/synopsys/vcs/W-2024.09-SP1/etc/uvm-1.2/vcs/uvm_vcs_tr_stream.svh'.
Back to file '/tools/synopsys/vcs/W-2024.09-SP1/etc/uvm-1.2/vcs/uvm_vcs_tr_database.svh'.
Back to file '/tools/synopsys/vcs/W-2024.09-SP1/etc/uvm-1.2/vcs/uvm_vcs_recorder.svh'.
Back to file '/tools/synopsys/vcs/W-2024.09-SP1/etc/uvm-1.2/vcs/uvm_custom_install_vcs_recorder.sv'.
Parsing included file '/tools/synopsys/vcs/W-2024.09-SP1/etc/uvm-1.2/vcs/uvm_vcs_record_interface.sv'.
Back to file '/tools/synopsys/vcs/W-2024.09-SP1/etc/uvm-1.2/vcs/uvm_custom_install_vcs_recorder.sv'.
Parsing design file '/tools/synopsys/vcs/W-2024.09-SP1/etc/uvm-1.2/verdi/uvm_custom_install_verdi_recorder.sv'
Parsing included file '/tools/synopsys/vcs/W-2024.09-SP1/etc/uvm-1.2/uvm_macros.svh'.
Back to file '/tools/synopsys/vcs/W-2024.09-SP1/etc/uvm-1.2/verdi/uvm_custom_install_verdi_recorder.sv'.
Parsing included file '/tools/synopsys/vcs/W-2024.09-SP1/etc/uvm-1.2/verdi/uvm_verdi_recorder.svh'.
Parsing included file '/tools/synopsys/vcs/W-2024.09-SP1/etc/uvm-1.2/verdi/uvm_verdi_pli_base.svh'.
Back to file '/tools/synopsys/vcs/W-2024.09-SP1/etc/uvm-1.2/verdi/uvm_verdi_recorder.svh'.
Parsing included file '/tools/synopsys/vcs/W-2024.09-SP1/etc/uvm-1.2/verdi/uvm_verdi_tr_database.svh'.
Parsing included file '/tools/synopsys/vcs/W-2024.09-SP1/etc/uvm-1.2/verdi/uvm_verdi_tr_stream.svh'.
Back to file '/tools/synopsys/vcs/W-2024.09-SP1/etc/uvm-1.2/verdi/uvm_verdi_tr_database.svh'.
Back to file '/tools/synopsys/vcs/W-2024.09-SP1/etc/uvm-1.2/verdi/uvm_verdi_recorder.svh'.
Back to file '/tools/synopsys/vcs/W-2024.09-SP1/etc/uvm-1.2/verdi/uvm_custom_install_verdi_recorder.sv'.
Parsing included file '/tools/synopsys/vcs/W-2024.09-SP1/etc/uvm-1.2/verdi/uvm_verdi_reg_map_recording.sv'.
Back to file '/tools/synopsys/vcs/W-2024.09-SP1/etc/uvm-1.2/verdi/uvm_custom_install_verdi_recorder.sv'.
Parsing included file '/tools/synopsys/vcs/W-2024.09-SP1/etc/uvm-1.2/verdi/uvm_verdi_message_catcher.svh'.
Parsing included file '/tools/synopsys/vcs/W-2024.09-SP1/etc/uvm-1.2/verdi/uvm_verdi_pli_base.svh'.
Back to file '/tools/synopsys/vcs/W-2024.09-SP1/etc/uvm-1.2/verdi/uvm_verdi_message_catcher.svh'.
Back to file '/tools/synopsys/vcs/W-2024.09-SP1/etc/uvm-1.2/verdi/uvm_custom_install_verdi_recorder.sv'.
Parsing included file '/tools/synopsys/vcs/W-2024.09-SP1/etc/uvm-1.2/verdi/uvm_verdi_factory.svh'.
Back to file '/tools/synopsys/vcs/W-2024.09-SP1/etc/uvm-1.2/verdi/uvm_custom_install_verdi_recorder.sv'.
Parsing included file '/tools/synopsys/vcs/W-2024.09-SP1/etc/uvm-1.2/verdi/./dpi/uvm_verdi_dpi.svh'.
Back to file '/tools/synopsys/vcs/W-2024.09-SP1/etc/uvm-1.2/verdi/uvm_custom_install_verdi_recorder.sv'.
Parsing included file '/tools/synopsys/vcs/W-2024.09-SP1/etc/uvm-1.2/verdi/uvm_verdi_reg_recording.sv'.
Back to file '/tools/synopsys/vcs/W-2024.09-SP1/etc/uvm-1.2/verdi/uvm_custom_install_verdi_recorder.sv'.
Parsing included file '/tools/synopsys/verdi/W-2024.09-SP2/share/PLI/VCS/include/verdi_trans_recorder_dpi.svh'.
Back to file '/tools/synopsys/vcs/W-2024.09-SP1/etc/uvm-1.2/verdi/uvm_custom_install_verdi_recorder.sv'.
Parsing included file '/tools/synopsys/vcs/W-2024.09-SP1/etc/uvm-1.2/verdi/uvm_verdi_pli.svh'.
Back to file '/tools/synopsys/vcs/W-2024.09-SP1/etc/uvm-1.2/verdi/uvm_custom_install_verdi_recorder.sv'.
Parsing design file '/tools/synopsys/vcs/W-2024.09-SP1/etc/uvm-1.2/verdi/uvm_custom_install_verdi_recorder.sv'
Parsing design file './ram_if.sv'
Parsing included file 'ram_if_sva.svh'.
Back to file './ram_if.sv'.
Parsing design file './tb_ram_pkg.sv'
Parsing included file '/tools/synopsys/vcs/W-2024.09-SP1/etc/uvm-1.2/uvm_macros.svh'.
Back to file './tb_ram_pkg.sv'.
Parsing included file 'ram_seq_item.sv'.
Back to file './tb_ram_pkg.sv'.
Parsing included file 'ram_sequence.sv'.
Back to file './tb_ram_pkg.sv'.
Parsing included file 'ram_sequencer.sv'.
Back to file './tb_ram_pkg.sv'.
Parsing included file 'ram_driver.sv'.
Back to file './tb_ram_pkg.sv'.
Parsing included file 'ram_monitor.sv'.
Back to file './tb_ram_pkg.sv'.
Parsing included file 'ram_agent.sv'.
Back to file './tb_ram_pkg.sv'.
Parsing included file 'ram_scoreboard.sv'.
Back to file './tb_ram_pkg.sv'.
Parsing included file 'ram_coverage.sv'.
Back to file './tb_ram_pkg.sv'.
Parsing included file 'ram_env.sv'.
Back to file './tb_ram_pkg.sv'.
Parsing included file 'ram_test.sv'.
Back to file './tb_ram_pkg.sv'.
Parsing design file './ram_sva.sv'
Parsing design file './tb_ram.sv'
Parsing included file '/tools/synopsys/vcs/W-2024.09-SP1/etc/uvm-1.2/uvm_macros.svh'.
Back to file './tb_ram.sv'.
Parsing design file '../rtl/ram.sv'
Top Level Modules:
       uvm_custom_install_verdi_recording
       tb_ram
TimeScale is 1 ns / 1 ps
VCS Coverage Metrics Release W-2024.09-SP1_Full64 Copyright (c) 1991-2024 by Synopsys Inc.
Starting vcs inline pass...
10 modules and 0 UDP read.
recompiling package vcs_paramclassrepository
recompiling package _vcs_DPI_package
recompiling package uvm_pkg
recompiling package _vcs_msglog
recompiling module uvm_custom_install_verdi_recording
recompiling module ram_if
recompiling package tb_ram_pkg
recompiling module ram_sva
recompiling module tb_ram
recompiling module ram
All of 10 modules done
Warning : License for product VCS-BASE-COMPILE will expire within 23 days, on: 22-jun-2026.

If you would like to temporarily disable this message, set 
 the VCS_LIC_EXPIRE_WARNING environment variable to the number of days
before expiration that you want this message to start (the minimum is 0).
make[3]: Entering directory '/home/hedu17/UVM_TEST/02_ram/tb/csrc'
make[3]: Leaving directory '/home/hedu17/UVM_TEST/02_ram/tb/csrc'
make[3]: Entering directory '/home/hedu17/UVM_TEST/02_ram/tb/csrc'
rm -f _cuarc*.so _csrc*.so pre_vcsobj_*.so share_vcsobj_*.so
g++ -w  -pipe -DVCSMX -DUVM_DPI_DO_TYPE_CHECK -fPIC -O -I/tools/synopsys/vcs/W-2024.09-SP1/include    -c /tools/synopsys/vcs/W-2024.09-SP1/etc/uvm-1.2/dpi/uvm_dpi.cc
g++ -w  -pipe -DVCSMX -DUVM_DPI_DO_TYPE_CHECK -fPIC -O -I/tools/synopsys/vcs/W-2024.09-SP1/include    -c /tools/synopsys/vcs/W-2024.09-SP1/etc/uvm-1.2/verdi/dpi/uvm_verdi_dpi.cpp
if [ -x ../simv ]; then chmod a-x ../simv; fi
g++  -o ../simv      -rdynamic  -Wl,-rpath='$ORIGIN'/simv.daidir -Wl,-rpath=./simv.daidir -Wl,-rpath=/tools/synopsys/vcs/W-2024.09-SP1/linux64/lib -L/tools/synopsys/vcs/W-2024.09-SP1/linux64/lib  -Wl,-rpath-link=./  /usr/lib64/libnuma.so.1 uvm_dpi.o uvm_verdi_dpi.o   objs/amcQw_d.o  _1194706_archive_1.so  SIM_l.o      rmapats_mop.o rmapats.o rmar.o rmar_nd.o  rmar_llvm_0_1.o rmar_llvm_0_0.o            -lvirsim -lerrorinf -lsnpsmalloc -lvfs    -lvcsnew -lsimprofile -lreader_common /tools/synopsys/vcs/W-2024.09-SP1/linux64/lib/libBA.a -luclinative /tools/synopsys/vcs/W-2024.09-SP1/linux64/lib/vcs_tls.o   -Wl,-whole-archive  -lvcsucli    -Wl,-no-whole-archive      ./../simv.daidir/vc_hdrs.o _vcs_pli_stub_.o   /tools/synopsys/vcs/W-2024.09-SP1/linux64/lib/vcs_save_restore_new.o /tools/synopsys/verdi/W-2024.09-SP2/share/PLI/VCS/LINUX64/pli.a -ldl  -lc -lm -lpthread -ldl 
../simv up to date
make[3]: Leaving directory '/home/hedu17/UVM_TEST/02_ram/tb/csrc'
CPU time: 7.329 seconds to compile + .190 seconds to elab + .723 seconds to link
Verdi KDB elaboration done and the database successfully generated
./simv -cm line+cond+fsm+tgl+branch+assert -cm_dir simv.vdb
Info: [VCS_SAVE_RESTORE_INFO] ASLR (Address Space Layout Randomization) is detected on the machine. To enable $save functionality, ASLR will be switched off and simv re-executed.
Please use '-no_save' simv switch to avoid re-execution or '-suppress=ASLR_DETECTED_INFO' to suppress this message.
Chronologic VCS simulator copyright 1991-2024
Contains Synopsys proprietary information.
Compiler version W-2024.09-SP1_Full64; Runtime version W-2024.09-SP1_Full64;  May 31 15:58 2026
Warning : License for product VCS-BASE-RUNTIME will expire within 23 days, on: 22-jun-2026.

If you would like to temporarily disable this message, set 
 the VCS_LIC_EXPIRE_WARNING environment variable to the number of days
before expiration that you want this message to start (the minimum is 0).
UVM_INFO /tools/synopsys/vcs/W-2024.09-SP1/etc/uvm-1.2/base/uvm_root.svh(402) @ 0: reporter [UVM/RELNOTES] 
----------------------------------------------------------------
UVM-1.2.Synopsys
(C) 2007-2014 Mentor Graphics Corporation
(C) 2007-2014 Cadence Design Systems, Inc.
(C) 2006-2014 Synopsys, Inc.
(C) 2011-2013 Cypress Semiconductor Corp.
(C) 2013-2014 NVIDIA Corporation
----------------------------------------------------------------

  ***********       IMPORTANT RELEASE NOTES         ************

  You are using a version of the UVM library that has been compiled
  with `UVM_NO_DEPRECATED undefined.
  See http://www.eda.org/svdb/view.php?id=3313 for more details.

  You are using a version of the UVM library that has been compiled
  with `UVM_OBJECT_DO_NOT_NEED_CONSTRUCTOR undefined.
  See http://www.eda.org/svdb/view.php?id=3770 for more details.

      (Specify +UVM_NO_RELNOTES to turn off this notice)


 VCS Coverage Metrics Release W-2024.09-SP1_Full64 Copyright (c) 1991-2024 by Synopsys Inc.
UVM_INFO @ 0: reporter [RNTST] Running test ram_test...
*Verdi* Loading libsscore_vcs202409.so
FSDB Dumper for VCS, Release Verdi_W-2024.09-SP2, Linux x86_64/64bit, 03/03/2025
(C) 1996 - 2025 by Synopsys, Inc.
*Verdi* : Create FSDB file 'novas.fsdb'
*Verdi* : Begin traversing the scope (tb_ram), layer (0).
*Verdi* : End of traversing.
UVM_INFO ram_scoreboard.sv(24) @ 25000: uvm_test_top.env.scb [RAM_SCB] WRITE addr=0x0 data=0x0
UVM_INFO ram_scoreboard.sv(35) @ 46000: uvm_test_top.env.scb [RAM_SCB] READ PASS addr=0x0 data=0x0
UVM_INFO ram_scoreboard.sv(24) @ 65000: uvm_test_top.env.scb [RAM_SCB] WRITE addr=0xf data=0xffffffff
UVM_INFO ram_scoreboard.sv(35) @ 86000: uvm_test_top.env.scb [RAM_SCB] READ PASS addr=0xf data=0xffffffff
UVM_INFO ram_scoreboard.sv(24) @ 105000: uvm_test_top.env.scb [RAM_SCB] WRITE addr=0x8 data=0x5a5aa5a5
UVM_INFO ram_scoreboard.sv(35) @ 126000: uvm_test_top.env.scb [RAM_SCB] READ PASS addr=0x8 data=0x5a5aa5a5
UVM_INFO ram_scoreboard.sv(24) @ 145000: uvm_test_top.env.scb [RAM_SCB] WRITE addr=0x0 data=0x2a05a973
UVM_INFO ram_scoreboard.sv(35) @ 166000: uvm_test_top.env.scb [RAM_SCB] READ PASS addr=0x0 data=0x2a05a973
UVM_INFO ram_scoreboard.sv(24) @ 185000: uvm_test_top.env.scb [RAM_SCB] WRITE addr=0x1 data=0xdec05984
UVM_INFO ram_scoreboard.sv(35) @ 206000: uvm_test_top.env.scb [RAM_SCB] READ PASS addr=0x1 data=0xdec05984
UVM_INFO ram_scoreboard.sv(24) @ 225000: uvm_test_top.env.scb [RAM_SCB] WRITE addr=0x2 data=0x8c0e21b0
UVM_INFO ram_scoreboard.sv(35) @ 246000: uvm_test_top.env.scb [RAM_SCB] READ PASS addr=0x2 data=0x8c0e21b0
UVM_INFO ram_scoreboard.sv(24) @ 265000: uvm_test_top.env.scb [RAM_SCB] WRITE addr=0x3 data=0x2480865e
UVM_INFO ram_scoreboard.sv(35) @ 286000: uvm_test_top.env.scb [RAM_SCB] READ PASS addr=0x3 data=0x2480865e
UVM_INFO ram_scoreboard.sv(24) @ 305000: uvm_test_top.env.scb [RAM_SCB] WRITE addr=0x4 data=0xce036855
UVM_INFO ram_scoreboard.sv(35) @ 326000: uvm_test_top.env.scb [RAM_SCB] READ PASS addr=0x4 data=0xce036855
UVM_INFO ram_scoreboard.sv(24) @ 345000: uvm_test_top.env.scb [RAM_SCB] WRITE addr=0x5 data=0xf36baccb
UVM_INFO ram_scoreboard.sv(35) @ 366000: uvm_test_top.env.scb [RAM_SCB] READ PASS addr=0x5 data=0xf36baccb
UVM_INFO ram_scoreboard.sv(24) @ 385000: uvm_test_top.env.scb [RAM_SCB] WRITE addr=0x6 data=0x79225fe5
UVM_INFO ram_scoreboard.sv(35) @ 406000: uvm_test_top.env.scb [RAM_SCB] READ PASS addr=0x6 data=0x79225fe5
UVM_INFO ram_scoreboard.sv(24) @ 425000: uvm_test_top.env.scb [RAM_SCB] WRITE addr=0x7 data=0xd3b4f069
UVM_INFO ram_scoreboard.sv(35) @ 446000: uvm_test_top.env.scb [RAM_SCB] READ PASS addr=0x7 data=0xd3b4f069
UVM_INFO ram_scoreboard.sv(24) @ 465000: uvm_test_top.env.scb [RAM_SCB] WRITE addr=0x8 data=0xa08b692d
UVM_INFO ram_scoreboard.sv(35) @ 486000: uvm_test_top.env.scb [RAM_SCB] READ PASS addr=0x8 data=0xa08b692d
UVM_INFO ram_scoreboard.sv(24) @ 505000: uvm_test_top.env.scb [RAM_SCB] WRITE addr=0x9 data=0x8df3b00b
UVM_INFO ram_scoreboard.sv(35) @ 526000: uvm_test_top.env.scb [RAM_SCB] READ PASS addr=0x9 data=0x8df3b00b
UVM_INFO ram_scoreboard.sv(24) @ 545000: uvm_test_top.env.scb [RAM_SCB] WRITE addr=0xa data=0xb65903cf
UVM_INFO ram_scoreboard.sv(35) @ 566000: uvm_test_top.env.scb [RAM_SCB] READ PASS addr=0xa data=0xb65903cf
UVM_INFO ram_scoreboard.sv(24) @ 585000: uvm_test_top.env.scb [RAM_SCB] WRITE addr=0xb data=0xff8e10ef
UVM_INFO ram_scoreboard.sv(35) @ 606000: uvm_test_top.env.scb [RAM_SCB] READ PASS addr=0xb data=0xff8e10ef
UVM_INFO ram_scoreboard.sv(24) @ 625000: uvm_test_top.env.scb [RAM_SCB] WRITE addr=0xc data=0x9a9fb11d
UVM_INFO ram_scoreboard.sv(35) @ 646000: uvm_test_top.env.scb [RAM_SCB] READ PASS addr=0xc data=0x9a9fb11d
UVM_INFO ram_scoreboard.sv(24) @ 665000: uvm_test_top.env.scb [RAM_SCB] WRITE addr=0xd data=0xb78e5bd5
UVM_INFO ram_scoreboard.sv(35) @ 686000: uvm_test_top.env.scb [RAM_SCB] READ PASS addr=0xd data=0xb78e5bd5
UVM_INFO ram_scoreboard.sv(24) @ 705000: uvm_test_top.env.scb [RAM_SCB] WRITE addr=0xe data=0xfef907ad
UVM_INFO ram_scoreboard.sv(35) @ 726000: uvm_test_top.env.scb [RAM_SCB] READ PASS addr=0xe data=0xfef907ad
UVM_INFO ram_scoreboard.sv(24) @ 745000: uvm_test_top.env.scb [RAM_SCB] WRITE addr=0xf data=0x63a84c05
UVM_INFO ram_scoreboard.sv(35) @ 766000: uvm_test_top.env.scb [RAM_SCB] READ PASS addr=0xf data=0x63a84c05
UVM_INFO ram_scoreboard.sv(35) @ 786000: uvm_test_top.env.scb [RAM_SCB] READ PASS addr=0xc data=0x9a9fb11d
UVM_INFO ram_scoreboard.sv(24) @ 825000: uvm_test_top.env.scb [RAM_SCB] WRITE addr=0x6 data=0x9a1f4b98
UVM_INFO ram_scoreboard.sv(35) @ 846000: uvm_test_top.env.scb [RAM_SCB] READ PASS addr=0xa data=0xb65903cf
UVM_INFO ram_scoreboard.sv(24) @ 865000: uvm_test_top.env.scb [RAM_SCB] WRITE addr=0xc data=0xc8e2643a
UVM_INFO ram_scoreboard.sv(24) @ 885000: uvm_test_top.env.scb [RAM_SCB] WRITE addr=0x3 data=0xd8036bbf
UVM_INFO ram_scoreboard.sv(35) @ 926000: uvm_test_top.env.scb [RAM_SCB] READ PASS addr=0xc data=0xc8e2643a
UVM_INFO ram_scoreboard.sv(24) @ 945000: uvm_test_top.env.scb [RAM_SCB] WRITE addr=0x9 data=0xe63c7514
UVM_INFO ram_scoreboard.sv(35) @ 966000: uvm_test_top.env.scb [RAM_SCB] READ PASS addr=0x5 data=0xf36baccb
UVM_INFO ram_scoreboard.sv(24) @ 985000: uvm_test_top.env.scb [RAM_SCB] WRITE addr=0x3 data=0xd3244bab
UVM_INFO ram_scoreboard.sv(24) @ 1005000: uvm_test_top.env.scb [RAM_SCB] WRITE addr=0x1 data=0xe62b3dab
UVM_INFO ram_scoreboard.sv(24) @ 1025000: uvm_test_top.env.scb [RAM_SCB] WRITE addr=0x4 data=0x79216a85
UVM_INFO ram_scoreboard.sv(35) @ 1046000: uvm_test_top.env.scb [RAM_SCB] READ PASS addr=0x0 data=0x2a05a973
UVM_INFO ram_scoreboard.sv(24) @ 1065000: uvm_test_top.env.scb [RAM_SCB] WRITE addr=0x6 data=0x58ede934
UVM_INFO ram_scoreboard.sv(35) @ 1106000: uvm_test_top.env.scb [RAM_SCB] READ PASS addr=0x7 data=0xd3b4f069
UVM_INFO ram_scoreboard.sv(24) @ 1125000: uvm_test_top.env.scb [RAM_SCB] WRITE addr=0x9 data=0x85562b6f
UVM_INFO ram_scoreboard.sv(35) @ 1146000: uvm_test_top.env.scb [RAM_SCB] READ PASS addr=0x3 data=0xd3244bab
UVM_INFO ram_scoreboard.sv(24) @ 1165000: uvm_test_top.env.scb [RAM_SCB] WRITE addr=0x6 data=0xf5336afc
UVM_INFO ram_scoreboard.sv(24) @ 1185000: uvm_test_top.env.scb [RAM_SCB] WRITE addr=0x5 data=0x8710fbe3
UVM_INFO ram_scoreboard.sv(24) @ 1245000: uvm_test_top.env.scb [RAM_SCB] WRITE addr=0x9 data=0x9594dd07
UVM_INFO ram_scoreboard.sv(35) @ 1266000: uvm_test_top.env.scb [RAM_SCB] READ PASS addr=0xd data=0xb78e5bd5
UVM_INFO ram_scoreboard.sv(35) @ 1286000: uvm_test_top.env.scb [RAM_SCB] READ PASS addr=0x0 data=0x2a05a973
UVM_INFO ram_scoreboard.sv(24) @ 1305000: uvm_test_top.env.scb [RAM_SCB] WRITE addr=0x4 data=0x48e9c4a4
UVM_INFO ram_scoreboard.sv(24) @ 1325000: uvm_test_top.env.scb [RAM_SCB] WRITE addr=0xe data=0x32c76238
UVM_INFO ram_scoreboard.sv(24) @ 1345000: uvm_test_top.env.scb [RAM_SCB] WRITE addr=0x0 data=0x25aca4dc
UVM_INFO ram_scoreboard.sv(35) @ 1366000: uvm_test_top.env.scb [RAM_SCB] READ PASS addr=0x7 data=0xd3b4f069
UVM_INFO ram_scoreboard.sv(24) @ 1385000: uvm_test_top.env.scb [RAM_SCB] WRITE addr=0x1 data=0xa321a1a2
UVM_INFO ram_scoreboard.sv(35) @ 1406000: uvm_test_top.env.scb [RAM_SCB] READ PASS addr=0xe data=0x32c76238
UVM_INFO ram_scoreboard.sv(24) @ 1425000: uvm_test_top.env.scb [RAM_SCB] WRITE addr=0xb data=0xab31d80a
UVM_INFO ram_scoreboard.sv(24) @ 1465000: uvm_test_top.env.scb [RAM_SCB] WRITE addr=0x5 data=0x5aa1b594
UVM_INFO ram_scoreboard.sv(35) @ 1486000: uvm_test_top.env.scb [RAM_SCB] READ PASS addr=0x2 data=0x8c0e21b0
UVM_INFO ram_scoreboard.sv(35) @ 1506000: uvm_test_top.env.scb [RAM_SCB] READ PASS addr=0x2 data=0x8c0e21b0
UVM_INFO ram_scoreboard.sv(24) @ 1525000: uvm_test_top.env.scb [RAM_SCB] WRITE addr=0x1 data=0x6700582e
UVM_INFO ram_scoreboard.sv(35) @ 1546000: uvm_test_top.env.scb [RAM_SCB] READ PASS addr=0x9 data=0x9594dd07
UVM_INFO ram_scoreboard.sv(24) @ 1565000: uvm_test_top.env.scb [RAM_SCB] WRITE addr=0xb data=0x1a6fc4f4
UVM_INFO ram_scoreboard.sv(24) @ 1585000: uvm_test_top.env.scb [RAM_SCB] WRITE addr=0x9 data=0xaf50d40c
UVM_INFO ram_scoreboard.sv(35) @ 1606000: uvm_test_top.env.scb [RAM_SCB] READ PASS addr=0xd data=0xb78e5bd5
UVM_INFO ram_scoreboard.sv(24) @ 1625000: uvm_test_top.env.scb [RAM_SCB] WRITE addr=0x2 data=0x7a4c3005
UVM_INFO ram_scoreboard.sv(24) @ 1645000: uvm_test_top.env.scb [RAM_SCB] WRITE addr=0xe data=0x92ac1342
UVM_INFO ram_scoreboard.sv(35) @ 1666000: uvm_test_top.env.scb [RAM_SCB] READ PASS addr=0x5 data=0x5aa1b594
UVM_INFO ram_scoreboard.sv(24) @ 1685000: uvm_test_top.env.scb [RAM_SCB] WRITE addr=0xe data=0xf4cc1266
UVM_INFO ram_scoreboard.sv(35) @ 1706000: uvm_test_top.env.scb [RAM_SCB] READ PASS addr=0xc data=0xc8e2643a
UVM_INFO ram_scoreboard.sv(24) @ 1725000: uvm_test_top.env.scb [RAM_SCB] WRITE addr=0xe data=0x84b7e078
UVM_INFO ram_scoreboard.sv(24) @ 1765000: uvm_test_top.env.scb [RAM_SCB] WRITE addr=0x3 data=0x3f566753
UVM_INFO ram_scoreboard.sv(24) @ 1785000: uvm_test_top.env.scb [RAM_SCB] WRITE addr=0xf data=0x7ab68217
UVM_INFO ram_scoreboard.sv(24) @ 1825000: uvm_test_top.env.scb [RAM_SCB] WRITE addr=0x4 data=0x4afde3e7
UVM_INFO ram_scoreboard.sv(24) @ 1845000: uvm_test_top.env.scb [RAM_SCB] WRITE addr=0xb data=0x36a2b5a6
UVM_INFO ram_scoreboard.sv(24) @ 1865000: uvm_test_top.env.scb [RAM_SCB] WRITE addr=0xe data=0xd1a423a2
UVM_INFO ram_scoreboard.sv(35) @ 1886000: uvm_test_top.env.scb [RAM_SCB] READ PASS addr=0x2 data=0x7a4c3005
UVM_INFO ram_scoreboard.sv(35) @ 1906000: uvm_test_top.env.scb [RAM_SCB] READ PASS addr=0x7 data=0xd3b4f069
UVM_INFO ram_scoreboard.sv(24) @ 1925000: uvm_test_top.env.scb [RAM_SCB] WRITE addr=0xa data=0x9e92857c
UVM_INFO ram_scoreboard.sv(35) @ 1946000: uvm_test_top.env.scb [RAM_SCB] READ PASS addr=0xf data=0x7ab68217
UVM_INFO ram_scoreboard.sv(35) @ 1966000: uvm_test_top.env.scb [RAM_SCB] READ PASS addr=0xf data=0x7ab68217
UVM_INFO ram_scoreboard.sv(35) @ 1986000: uvm_test_top.env.scb [RAM_SCB] READ PASS addr=0x3 data=0x3f566753
UVM_INFO ram_scoreboard.sv(35) @ 2006000: uvm_test_top.env.scb [RAM_SCB] READ PASS addr=0xb data=0x36a2b5a6
UVM_INFO ram_scoreboard.sv(35) @ 2026000: uvm_test_top.env.scb [RAM_SCB] READ PASS addr=0xb data=0x36a2b5a6
UVM_INFO ram_scoreboard.sv(35) @ 2046000: uvm_test_top.env.scb [RAM_SCB] READ PASS addr=0xf data=0x7ab68217
UVM_INFO ram_scoreboard.sv(24) @ 2065000: uvm_test_top.env.scb [RAM_SCB] WRITE addr=0x4 data=0x69c984f4
UVM_INFO ram_scoreboard.sv(35) @ 2086000: uvm_test_top.env.scb [RAM_SCB] READ PASS addr=0x3 data=0x3f566753
UVM_INFO ram_scoreboard.sv(35) @ 2106000: uvm_test_top.env.scb [RAM_SCB] READ PASS addr=0x3 data=0x3f566753
UVM_INFO ram_scoreboard.sv(35) @ 2126000: uvm_test_top.env.scb [RAM_SCB] READ PASS addr=0xf data=0x7ab68217
UVM_INFO ram_scoreboard.sv(24) @ 2145000: uvm_test_top.env.scb [RAM_SCB] WRITE addr=0xd data=0x93c4d422
UVM_INFO ram_scoreboard.sv(24) @ 2165000: uvm_test_top.env.scb [RAM_SCB] WRITE addr=0x1 data=0x21556e50
UVM_INFO ram_scoreboard.sv(24) @ 2185000: uvm_test_top.env.scb [RAM_SCB] WRITE addr=0x9 data=0xc3d1ec6a
UVM_INFO ram_scoreboard.sv(35) @ 2206000: uvm_test_top.env.scb [RAM_SCB] READ PASS addr=0xd data=0x93c4d422
UVM_INFO ram_scoreboard.sv(24) @ 2225000: uvm_test_top.env.scb [RAM_SCB] WRITE addr=0x6 data=0x56161fd3
UVM_INFO ram_scoreboard.sv(35) @ 2246000: uvm_test_top.env.scb [RAM_SCB] READ PASS addr=0xd data=0x93c4d422
UVM_INFO ram_scoreboard.sv(35) @ 2266000: uvm_test_top.env.scb [RAM_SCB] READ PASS addr=0x0 data=0x25aca4dc
UVM_INFO ram_scoreboard.sv(24) @ 2285000: uvm_test_top.env.scb [RAM_SCB] WRITE addr=0x7 data=0x2aef5ecd
UVM_INFO ram_scoreboard.sv(35) @ 2306000: uvm_test_top.env.scb [RAM_SCB] READ PASS addr=0x7 data=0x2aef5ecd
UVM_INFO ram_scoreboard.sv(35) @ 2326000: uvm_test_top.env.scb [RAM_SCB] READ PASS addr=0xd data=0x93c4d422
UVM_INFO ram_scoreboard.sv(35) @ 2346000: uvm_test_top.env.scb [RAM_SCB] READ PASS addr=0xa data=0x9e92857c
UVM_INFO ram_scoreboard.sv(35) @ 2366000: uvm_test_top.env.scb [RAM_SCB] READ PASS addr=0x5 data=0x5aa1b594
UVM_INFO ram_scoreboard.sv(35) @ 2386000: uvm_test_top.env.scb [RAM_SCB] READ PASS addr=0x3 data=0x3f566753
UVM_INFO ram_scoreboard.sv(24) @ 2405000: uvm_test_top.env.scb [RAM_SCB] WRITE addr=0x6 data=0x5a2c79bc
UVM_INFO ram_scoreboard.sv(24) @ 2425000: uvm_test_top.env.scb [RAM_SCB] WRITE addr=0x0 data=0xb3b6ad1c
UVM_INFO ram_scoreboard.sv(24) @ 2445000: uvm_test_top.env.scb [RAM_SCB] WRITE addr=0xc data=0xac3d829f
UVM_INFO ram_scoreboard.sv(24) @ 2465000: uvm_test_top.env.scb [RAM_SCB] WRITE addr=0x5 data=0xa9e360f5
UVM_INFO ram_scoreboard.sv(35) @ 2486000: uvm_test_top.env.scb [RAM_SCB] READ PASS addr=0xb data=0x36a2b5a6
UVM_INFO ram_scoreboard.sv(35) @ 2506000: uvm_test_top.env.scb [RAM_SCB] READ PASS addr=0xb data=0x36a2b5a6
UVM_INFO ram_scoreboard.sv(24) @ 2525000: uvm_test_top.env.scb [RAM_SCB] WRITE addr=0x7 data=0xcf75dc07
UVM_INFO ram_scoreboard.sv(24) @ 2545000: uvm_test_top.env.scb [RAM_SCB] WRITE addr=0x9 data=0xb49d95f0
UVM_INFO ram_scoreboard.sv(35) @ 2566000: uvm_test_top.env.scb [RAM_SCB] READ PASS addr=0xc data=0xac3d829f
UVM_INFO ram_scoreboard.sv(24) @ 2585000: uvm_test_top.env.scb [RAM_SCB] WRITE addr=0xf data=0x708d7f8a
UVM_INFO ram_scoreboard.sv(35) @ 2606000: uvm_test_top.env.scb [RAM_SCB] READ PASS addr=0xe data=0xd1a423a2
UVM_INFO ram_scoreboard.sv(35) @ 2626000: uvm_test_top.env.scb [RAM_SCB] READ PASS addr=0x6 data=0x5a2c79bc
UVM_INFO ram_scoreboard.sv(35) @ 2646000: uvm_test_top.env.scb [RAM_SCB] READ PASS addr=0x9 data=0xb49d95f0
UVM_INFO ram_scoreboard.sv(35) @ 2666000: uvm_test_top.env.scb [RAM_SCB] READ PASS addr=0xd data=0x93c4d422
UVM_INFO ram_scoreboard.sv(35) @ 2686000: uvm_test_top.env.scb [RAM_SCB] READ PASS addr=0x7 data=0xcf75dc07
UVM_INFO ram_scoreboard.sv(24) @ 2705000: uvm_test_top.env.scb [RAM_SCB] WRITE addr=0x6 data=0x80a1be03
UVM_INFO ram_scoreboard.sv(35) @ 2726000: uvm_test_top.env.scb [RAM_SCB] READ PASS addr=0x2 data=0x7a4c3005
UVM_INFO ram_scoreboard.sv(24) @ 2745000: uvm_test_top.env.scb [RAM_SCB] WRITE addr=0x5 data=0xd1658262
UVM_INFO ram_scoreboard.sv(24) @ 2765000: uvm_test_top.env.scb [RAM_SCB] WRITE addr=0xe data=0xc979707e
UVM_INFO /tools/synopsys/vcs/W-2024.09-SP1/etc/uvm-1.2/base/uvm_objection.svh(1276) @ 2815000: reporter [TEST_DONE] 'run' phase is ready to proceed to the 'extract' phase
UVM_INFO ram_coverage.sv(50) @ 2815000: uvm_test_top.env.cov [RAM_COV] Functional coverage = 100.00%
UVM_INFO /tools/synopsys/vcs/W-2024.09-SP1/etc/uvm-1.2/base/uvm_report_server.svh(904) @ 2815000: reporter [UVM/REPORT/SERVER] 
--- UVM Report Summary ---

** Report counts by severity
UVM_INFO :  134
UVM_WARNING :    0
UVM_ERROR :    0
UVM_FATAL :    0
** Report counts by id
[RAM_COV]     1
[RAM_SCB]   130
[RNTST]     1
[TEST_DONE]     1
[UVM/RELNOTES]     1

$finish called from file "/tools/synopsys/vcs/W-2024.09-SP1/etc/uvm-1.2/base/uvm_root.svh", line 527.
$finish at simulation time              2815000

---------------------------------------------------------------------------
VCS Coverage Metrics: during simulation line, cond, FSM, branch, tgl was monitored
---------------------------------------------------------------------------

 Coverage status: End of All Coverages ...

           V C S   S i m u l a t i o n   R e p o r t 
Time: 2815000 ps
CPU Time:      0.230 seconds;       Data structure size:   0.6Mb
Sun May 31 15:58:42 2026
urg -dir simv.vdb -report urgReport
Note: Bumping stack limit from 8192 to unlimited Kbytes.
URG Version W-2024.09-SP1                     Copyright (c) 1991 - 2024 Synopsys, Inc.
   This software and the associated documentation are proprietary to Synopsys,
 Inc. This software may only be used in accordance with the terms and conditions
 of a written license agreement with Synopsys, Inc. All other use, reproduction,
   or distribution of this software is strictly prohibited.  Licensed Products
     communicate with Synopsys servers for the purpose of providing software
    updates, detecting software piracy and verifying that customers are using
    Licensed Products in conformity with the applicable License Key for such
  Licensed Products. Synopsys will use information gathered in connection with
    this process to deliver software updates and pursue software pirates and
                                   infringers.

 Inclusivity & Diversity - Visit SolvNetPlus to read the "Synopsys Statement on
            Inclusivity and Diversity" (Refer to article 000036315 at
                        https://solvnetplus.synopsys.com)
make[2]: Leaving directory '/home/hedu17/UVM_TEST/02_ram/tb'
make[1]: Leaving directory '/home/hedu17/UVM_TEST/02_ram'

Note-[URG-RDG] Report directory generated
  Report written to directory urgReport

