Warning: Permanently added '10.10.15.20' (ED25519) to the list of known hosts.
make -C 07_spi_slave coverage
make[1]: Entering directory '/home/hedu17/UVM_TEST/07_spi_slave'
make -C tb coverage
make[2]: Entering directory '/home/hedu17/UVM_TEST/07_spi_slave/tb'
vcs -full64 -sverilog -ntb_opts uvm-1.2 -timescale=1ns/1ps -debug_access+all -kdb -lca +define+FSDB -cm line+cond+fsm+tgl+branch+assert -cm_dir simv.vdb -f files.f -top tb_spi_slave -l build.log
                         Chronologic VCS (TM)
       Version W-2024.09-SP1_Full64 -- Sun May 31 16:13:55 2026

                    Copyright (c) 1991 - 2024 Synopsys, Inc.
   This software and the associated documentation are proprietary to Synopsys,
 Inc. This software may only be used in accordance with the terms and conditions
 of a written license agreement with Synopsys, Inc. All other use, reproduction,
   or distribution of this software is strictly prohibited.  Licensed Products
     communicate with Synopsys servers for the purpose of providing software
    updates, detecting software piracy and verifying that customers are using
    Licensed Products in conformity with the applicable License Key for such
  Licensed Products. Synopsys will use information gathered in connection with
    this process to deliver software updates and pursue software pirates and
                                   infringers.

 Inclusivity & Diversity - Visit SolvNetPlus to read the "Synopsys Statement on
            Inclusivity and Diversity" (Refer to article 000036315 at
                        https://solvnetplus.synopsys.com)


Warning-[LCA_FEATURES_ENABLED] Usage warning
  LCA features enabled by '-lca' argument on the command line.  For more 
  information regarding list of LCA features please refer to Chapter "LCA 
  features" in the VCS Release Notes

Parsing design file '/tools/synopsys/vcs/W-2024.09-SP1/etc/uvm-1.2/uvm_pkg.sv'
Parsing included file '/tools/synopsys/vcs/W-2024.09-SP1/etc/uvm-1.2/uvm_macros.svh'.
Parsing included file '/tools/synopsys/vcs/W-2024.09-SP1/etc/uvm-1.2/macros/uvm_version_defines.svh'.
Back to file '/tools/synopsys/vcs/W-2024.09-SP1/etc/uvm-1.2/uvm_macros.svh'.
Parsing included file '/tools/synopsys/vcs/W-2024.09-SP1/etc/uvm-1.2/macros/uvm_global_defines.svh'.
Warning : License for product VCS-BASE-COMPILE will expire within 23 days, on: 22-jun-2026.

If you would like to temporarily disable this message, set 
 the VCS_LIC_EXPIRE_WARNING environment variable to the number of days
before expiration that you want this message to start (the minimum is 0).
Back to file '/tools/synopsys/vcs/W-2024.09-SP1/etc/uvm-1.2/uvm_macros.svh'.
Parsing included file '/tools/synopsys/vcs/W-2024.09-SP1/etc/uvm-1.2/macros/snps_macros.svp'.
Back to file '/tools/synopsys/vcs/W-2024.09-SP1/etc/uvm-1.2/uvm_macros.svh'.
Parsing included file '/tools/synopsys/vcs/W-2024.09-SP1/etc/uvm-1.2/macros/uvm_message_defines.svh'.
Back to file '/tools/synopsys/vcs/W-2024.09-SP1/etc/uvm-1.2/uvm_macros.svh'.
Parsing included file '/tools/synopsys/vcs/W-2024.09-SP1/etc/uvm-1.2/macros/uvm_phase_defines.svh'.
Back to file '/tools/synopsys/vcs/W-2024.09-SP1/etc/uvm-1.2/uvm_macros.svh'.
Parsing included file '/tools/synopsys/vcs/W-2024.09-SP1/etc/uvm-1.2/macros/uvm_object_defines.svh'.
Back to file '/tools/synopsys/vcs/W-2024.09-SP1/etc/uvm-1.2/uvm_macros.svh'.
Parsing included file '/tools/synopsys/vcs/W-2024.09-SP1/etc/uvm-1.2/macros/uvm_printer_defines.svh'.
Back to file '/tools/synopsys/vcs/W-2024.09-SP1/etc/uvm-1.2/uvm_macros.svh'.
Parsing included file '/tools/synopsys/vcs/W-2024.09-SP1/etc/uvm-1.2/macros/uvm_tlm_defines.svh'.
Parsing included file '/tools/synopsys/vcs/W-2024.09-SP1/etc/uvm-1.2/tlm1/uvm_tlm_imps.svh'.
Back to file '/tools/synopsys/vcs/W-2024.09-SP1/etc/uvm-1.2/macros/uvm_tlm_defines.svh'.
Back to file '/tools/synopsys/vcs/W-2024.09-SP1/etc/uvm-1.2/uvm_macros.svh'.
Parsing included file '/tools/synopsys/vcs/W-2024.09-SP1/etc/uvm-1.2/macros/uvm_sequence_defines.svh'.
Back to file '/tools/synopsys/vcs/W-2024.09-SP1/etc/uvm-1.2/uvm_macros.svh'.
Parsing included file '/tools/synopsys/vcs/W-2024.09-SP1/etc/uvm-1.2/macros/uvm_callback_defines.svh'.
Back to file '/tools/synopsys/vcs/W-2024.09-SP1/etc/uvm-1.2/uvm_macros.svh'.
Parsing included file '/tools/synopsys/vcs/W-2024.09-SP1/etc/uvm-1.2/macros/uvm_reg_defines.svh'.
Back to file '/tools/synopsys/vcs/W-2024.09-SP1/etc/uvm-1.2/uvm_macros.svh'.
Parsing included file '/tools/synopsys/vcs/W-2024.09-SP1/etc/uvm-1.2/macros/uvm_deprecated_defines.svh'.
Back to file '/tools/synopsys/vcs/W-2024.09-SP1/etc/uvm-1.2/uvm_macros.svh'.
Back to file '/tools/synopsys/vcs/W-2024.09-SP1/etc/uvm-1.2/uvm_pkg.sv'.
Parsing included file '/tools/synopsys/vcs/W-2024.09-SP1/etc/uvm-1.2/dpi/uvm_dpi.svh'.
Parsing included file '/tools/synopsys/vcs/W-2024.09-SP1/etc/uvm-1.2/dpi/uvm_hdl.svh'.
Back to file '/tools/synopsys/vcs/W-2024.09-SP1/etc/uvm-1.2/dpi/uvm_dpi.svh'.
Parsing included file '/tools/synopsys/vcs/W-2024.09-SP1/etc/uvm-1.2/dpi/uvm_svcmd_dpi.svh'.
Back to file '/tools/synopsys/vcs/W-2024.09-SP1/etc/uvm-1.2/dpi/uvm_dpi.svh'.
Parsing included file '/tools/synopsys/vcs/W-2024.09-SP1/etc/uvm-1.2/dpi/uvm_regex.svh'.
Back to file '/tools/synopsys/vcs/W-2024.09-SP1/etc/uvm-1.2/dpi/uvm_dpi.svh'.
Back to file '/tools/synopsys/vcs/W-2024.09-SP1/etc/uvm-1.2/uvm_pkg.sv'.
Parsing included file '/tools/synopsys/vcs/W-2024.09-SP1/etc/uvm-1.2/base/uvm_base.svh'.
Parsing included file '/tools/synopsys/vcs/W-2024.09-SP1/etc/uvm-1.2/base/uvm_coreservice.svh'.
Back to file '/tools/synopsys/vcs/W-2024.09-SP1/etc/uvm-1.2/base/uvm_base.svh'.
Parsing included file '/tools/synopsys/vcs/W-2024.09-SP1/etc/uvm-1.2/base/uvm_version.svh'.
Back to file '/tools/synopsys/vcs/W-2024.09-SP1/etc/uvm-1.2/base/uvm_base.svh'.
Parsing included file '/tools/synopsys/vcs/W-2024.09-SP1/etc/uvm-1.2/base/uvm_object_globals.svh'.
Back to file '/tools/synopsys/vcs/W-2024.09-SP1/etc/uvm-1.2/base/uvm_base.svh'.
Parsing included file '/tools/synopsys/vcs/W-2024.09-SP1/etc/uvm-1.2/base/uvm_misc.svh'.
Back to file '/tools/synopsys/vcs/W-2024.09-SP1/etc/uvm-1.2/base/uvm_base.svh'.
Parsing included file '/tools/synopsys/vcs/W-2024.09-SP1/etc/uvm-1.2/base/uvm_object.svh'.
Back to file '/tools/synopsys/vcs/W-2024.09-SP1/etc/uvm-1.2/base/uvm_base.svh'.
Parsing included file '/tools/synopsys/vcs/W-2024.09-SP1/etc/uvm-1.2/base/uvm_pool.svh'.
Back to file '/tools/synopsys/vcs/W-2024.09-SP1/etc/uvm-1.2/base/uvm_base.svh'.
Parsing included file '/tools/synopsys/vcs/W-2024.09-SP1/etc/uvm-1.2/base/uvm_queue.svh'.
Back to file '/tools/synopsys/vcs/W-2024.09-SP1/etc/uvm-1.2/base/uvm_base.svh'.
Parsing included file '/tools/synopsys/vcs/W-2024.09-SP1/etc/uvm-1.2/base/uvm_factory.svh'.
Back to file '/tools/synopsys/vcs/W-2024.09-SP1/etc/uvm-1.2/base/uvm_base.svh'.
Parsing included file '/tools/synopsys/vcs/W-2024.09-SP1/etc/uvm-1.2/base/uvm_registry.svh'.
Back to file '/tools/synopsys/vcs/W-2024.09-SP1/etc/uvm-1.2/base/uvm_base.svh'.
Parsing included file '/tools/synopsys/vcs/W-2024.09-SP1/etc/uvm-1.2/base/uvm_spell_chkr.svh'.
Back to file '/tools/synopsys/vcs/W-2024.09-SP1/etc/uvm-1.2/base/uvm_base.svh'.
Parsing included file '/tools/synopsys/vcs/W-2024.09-SP1/etc/uvm-1.2/base/uvm_resource.svh'.
Back to file '/tools/synopsys/vcs/W-2024.09-SP1/etc/uvm-1.2/base/uvm_base.svh'.
Parsing included file '/tools/synopsys/vcs/W-2024.09-SP1/etc/uvm-1.2/base/uvm_resource_specializations.svh'.
Back to file '/tools/synopsys/vcs/W-2024.09-SP1/etc/uvm-1.2/base/uvm_base.svh'.
Parsing included file '/tools/synopsys/vcs/W-2024.09-SP1/etc/uvm-1.2/base/uvm_resource_db.svh'.
Back to file '/tools/synopsys/vcs/W-2024.09-SP1/etc/uvm-1.2/base/uvm_base.svh'.
Parsing included file '/tools/synopsys/vcs/W-2024.09-SP1/etc/uvm-1.2/base/uvm_config_db.svh'.
Back to file '/tools/synopsys/vcs/W-2024.09-SP1/etc/uvm-1.2/base/uvm_base.svh'.
Parsing included file '/tools/synopsys/vcs/W-2024.09-SP1/etc/uvm-1.2/base/uvm_printer.svh'.
Back to file '/tools/synopsys/vcs/W-2024.09-SP1/etc/uvm-1.2/base/uvm_base.svh'.
Parsing included file '/tools/synopsys/vcs/W-2024.09-SP1/etc/uvm-1.2/base/uvm_comparer.svh'.
Back to file '/tools/synopsys/vcs/W-2024.09-SP1/etc/uvm-1.2/base/uvm_base.svh'.
Parsing included file '/tools/synopsys/vcs/W-2024.09-SP1/etc/uvm-1.2/base/uvm_packer.svh'.
Back to file '/tools/synopsys/vcs/W-2024.09-SP1/etc/uvm-1.2/base/uvm_base.svh'.
Parsing included file '/tools/synopsys/vcs/W-2024.09-SP1/etc/uvm-1.2/base/uvm_links.svh'.
Back to file '/tools/synopsys/vcs/W-2024.09-SP1/etc/uvm-1.2/base/uvm_base.svh'.
Parsing included file '/tools/synopsys/vcs/W-2024.09-SP1/etc/uvm-1.2/base/uvm_tr_database.svh'.
Back to file '/tools/synopsys/vcs/W-2024.09-SP1/etc/uvm-1.2/base/uvm_base.svh'.
Parsing included file '/tools/synopsys/vcs/W-2024.09-SP1/etc/uvm-1.2/base/uvm_tr_stream.svh'.
Back to file '/tools/synopsys/vcs/W-2024.09-SP1/etc/uvm-1.2/base/uvm_base.svh'.
Parsing included file '/tools/synopsys/vcs/W-2024.09-SP1/etc/uvm-1.2/base/uvm_recorder.svh'.
Back to file '/tools/synopsys/vcs/W-2024.09-SP1/etc/uvm-1.2/base/uvm_base.svh'.
Parsing included file '/tools/synopsys/vcs/W-2024.09-SP1/etc/uvm-1.2/base/uvm_event_callback.svh'.
Back to file '/tools/synopsys/vcs/W-2024.09-SP1/etc/uvm-1.2/base/uvm_base.svh'.
Parsing included file '/tools/synopsys/vcs/W-2024.09-SP1/etc/uvm-1.2/base/uvm_event.svh'.
Back to file '/tools/synopsys/vcs/W-2024.09-SP1/etc/uvm-1.2/base/uvm_base.svh'.
Parsing included file '/tools/synopsys/vcs/W-2024.09-SP1/etc/uvm-1.2/base/uvm_barrier.svh'.
Back to file '/tools/synopsys/vcs/W-2024.09-SP1/etc/uvm-1.2/base/uvm_base.svh'.
Parsing included file '/tools/synopsys/vcs/W-2024.09-SP1/etc/uvm-1.2/base/uvm_callback.svh'.
Parsing included file '/tools/synopsys/vcs/W-2024.09-SP1/etc/uvm-1.2/uvm_macros.svh'.
Back to file '/tools/synopsys/vcs/W-2024.09-SP1/etc/uvm-1.2/base/uvm_callback.svh'.
Back to file '/tools/synopsys/vcs/W-2024.09-SP1/etc/uvm-1.2/base/uvm_base.svh'.
Parsing included file '/tools/synopsys/vcs/W-2024.09-SP1/etc/uvm-1.2/base/uvm_report_message.svh'.
Back to file '/tools/synopsys/vcs/W-2024.09-SP1/etc/uvm-1.2/base/uvm_base.svh'.
Parsing included file '/tools/synopsys/vcs/W-2024.09-SP1/etc/uvm-1.2/base/uvm_report_catcher.svh'.
Back to file '/tools/synopsys/vcs/W-2024.09-SP1/etc/uvm-1.2/base/uvm_base.svh'.
Parsing included file '/tools/synopsys/vcs/W-2024.09-SP1/etc/uvm-1.2/base/uvm_report_server.svh'.
Back to file '/tools/synopsys/vcs/W-2024.09-SP1/etc/uvm-1.2/base/uvm_base.svh'.
Parsing included file '/tools/synopsys/vcs/W-2024.09-SP1/etc/uvm-1.2/base/uvm_report_handler.svh'.
Back to file '/tools/synopsys/vcs/W-2024.09-SP1/etc/uvm-1.2/base/uvm_base.svh'.
Parsing included file '/tools/synopsys/vcs/W-2024.09-SP1/etc/uvm-1.2/base/uvm_report_object.svh'.
Back to file '/tools/synopsys/vcs/W-2024.09-SP1/etc/uvm-1.2/base/uvm_base.svh'.
Parsing included file '/tools/synopsys/vcs/W-2024.09-SP1/etc/uvm-1.2/base/uvm_transaction.svh'.
Back to file '/tools/synopsys/vcs/W-2024.09-SP1/etc/uvm-1.2/base/uvm_base.svh'.
Parsing included file '/tools/synopsys/vcs/W-2024.09-SP1/etc/uvm-1.2/base/uvm_phase.svh'.
Back to file '/tools/synopsys/vcs/W-2024.09-SP1/etc/uvm-1.2/base/uvm_base.svh'.
Parsing included file '/tools/synopsys/vcs/W-2024.09-SP1/etc/uvm-1.2/base/uvm_domain.svh'.
Back to file '/tools/synopsys/vcs/W-2024.09-SP1/etc/uvm-1.2/base/uvm_base.svh'.
Parsing included file '/tools/synopsys/vcs/W-2024.09-SP1/etc/uvm-1.2/base/uvm_bottomup_phase.svh'.
Back to file '/tools/synopsys/vcs/W-2024.09-SP1/etc/uvm-1.2/base/uvm_base.svh'.
Parsing included file '/tools/synopsys/vcs/W-2024.09-SP1/etc/uvm-1.2/base/uvm_topdown_phase.svh'.
Back to file '/tools/synopsys/vcs/W-2024.09-SP1/etc/uvm-1.2/base/uvm_base.svh'.
Parsing included file '/tools/synopsys/vcs/W-2024.09-SP1/etc/uvm-1.2/base/uvm_task_phase.svh'.
Back to file '/tools/synopsys/vcs/W-2024.09-SP1/etc/uvm-1.2/base/uvm_base.svh'.
Parsing included file '/tools/synopsys/vcs/W-2024.09-SP1/etc/uvm-1.2/base/uvm_common_phases.svh'.
Back to file '/tools/synopsys/vcs/W-2024.09-SP1/etc/uvm-1.2/base/uvm_base.svh'.
Parsing included file '/tools/synopsys/vcs/W-2024.09-SP1/etc/uvm-1.2/base/uvm_runtime_phases.svh'.
Back to file '/tools/synopsys/vcs/W-2024.09-SP1/etc/uvm-1.2/base/uvm_base.svh'.
Parsing included file '/tools/synopsys/vcs/W-2024.09-SP1/etc/uvm-1.2/base/uvm_component.svh'.
Parsing included file '/tools/synopsys/vcs/W-2024.09-SP1/etc/uvm-1.2/base/uvm_root.svh'.
Back to file '/tools/synopsys/vcs/W-2024.09-SP1/etc/uvm-1.2/base/uvm_component.svh'.
Back to file '/tools/synopsys/vcs/W-2024.09-SP1/etc/uvm-1.2/base/uvm_base.svh'.
Parsing included file '/tools/synopsys/vcs/W-2024.09-SP1/etc/uvm-1.2/base/uvm_objection.svh'.
Back to file '/tools/synopsys/vcs/W-2024.09-SP1/etc/uvm-1.2/base/uvm_base.svh'.
Parsing included file '/tools/synopsys/vcs/W-2024.09-SP1/etc/uvm-1.2/base/uvm_heartbeat.svh'.
Back to file '/tools/synopsys/vcs/W-2024.09-SP1/etc/uvm-1.2/base/uvm_base.svh'.
Parsing included file '/tools/synopsys/vcs/W-2024.09-SP1/etc/uvm-1.2/base/uvm_globals.svh'.
Back to file '/tools/synopsys/vcs/W-2024.09-SP1/etc/uvm-1.2/base/uvm_base.svh'.
Parsing included file '/tools/synopsys/vcs/W-2024.09-SP1/etc/uvm-1.2/base/uvm_cmdline_processor.svh'.
Back to file '/tools/synopsys/vcs/W-2024.09-SP1/etc/uvm-1.2/base/uvm_base.svh'.
Parsing included file '/tools/synopsys/vcs/W-2024.09-SP1/etc/uvm-1.2/base/uvm_traversal.svh'.
Back to file '/tools/synopsys/vcs/W-2024.09-SP1/etc/uvm-1.2/base/uvm_base.svh'.
Back to file '/tools/synopsys/vcs/W-2024.09-SP1/etc/uvm-1.2/uvm_pkg.sv'.
Parsing included file '/tools/synopsys/vcs/W-2024.09-SP1/etc/uvm-1.2/dap/uvm_dap.svh'.
Parsing included file '/tools/synopsys/vcs/W-2024.09-SP1/etc/uvm-1.2/dap/uvm_set_get_dap_base.svh'.
Back to file '/tools/synopsys/vcs/W-2024.09-SP1/etc/uvm-1.2/dap/uvm_dap.svh'.
Parsing included file '/tools/synopsys/vcs/W-2024.09-SP1/etc/uvm-1.2/dap/uvm_simple_lock_dap.svh'.
Back to file '/tools/synopsys/vcs/W-2024.09-SP1/etc/uvm-1.2/dap/uvm_dap.svh'.
Parsing included file '/tools/synopsys/vcs/W-2024.09-SP1/etc/uvm-1.2/dap/uvm_get_to_lock_dap.svh'.
Back to file '/tools/synopsys/vcs/W-2024.09-SP1/etc/uvm-1.2/dap/uvm_dap.svh'.
Parsing included file '/tools/synopsys/vcs/W-2024.09-SP1/etc/uvm-1.2/dap/uvm_set_before_get_dap.svh'.
Back to file '/tools/synopsys/vcs/W-2024.09-SP1/etc/uvm-1.2/dap/uvm_dap.svh'.
Back to file '/tools/synopsys/vcs/W-2024.09-SP1/etc/uvm-1.2/uvm_pkg.sv'.
Parsing included file '/tools/synopsys/vcs/W-2024.09-SP1/etc/uvm-1.2/tlm1/uvm_tlm.svh'.
Parsing included file '/tools/synopsys/vcs/W-2024.09-SP1/etc/uvm-1.2/tlm1/uvm_tlm_ifs.svh'.
Back to file '/tools/synopsys/vcs/W-2024.09-SP1/etc/uvm-1.2/tlm1/uvm_tlm.svh'.
Parsing included file '/tools/synopsys/vcs/W-2024.09-SP1/etc/uvm-1.2/tlm1/uvm_sqr_ifs.svh'.
Back to file '/tools/synopsys/vcs/W-2024.09-SP1/etc/uvm-1.2/tlm1/uvm_tlm.svh'.
Parsing included file '/tools/synopsys/vcs/W-2024.09-SP1/etc/uvm-1.2/base/uvm_port_base.svh'.
Back to file '/tools/synopsys/vcs/W-2024.09-SP1/etc/uvm-1.2/tlm1/uvm_tlm.svh'.
Parsing included file '/tools/synopsys/vcs/W-2024.09-SP1/etc/uvm-1.2/tlm1/uvm_tlm_imps.svh'.
Back to file '/tools/synopsys/vcs/W-2024.09-SP1/etc/uvm-1.2/tlm1/uvm_tlm.svh'.
Parsing included file '/tools/synopsys/vcs/W-2024.09-SP1/etc/uvm-1.2/tlm1/uvm_imps.svh'.
Back to file '/tools/synopsys/vcs/W-2024.09-SP1/etc/uvm-1.2/tlm1/uvm_tlm.svh'.
Parsing included file '/tools/synopsys/vcs/W-2024.09-SP1/etc/uvm-1.2/tlm1/uvm_ports.svh'.
Back to file '/tools/synopsys/vcs/W-2024.09-SP1/etc/uvm-1.2/tlm1/uvm_tlm.svh'.
Parsing included file '/tools/synopsys/vcs/W-2024.09-SP1/etc/uvm-1.2/tlm1/uvm_exports.svh'.
Back to file '/tools/synopsys/vcs/W-2024.09-SP1/etc/uvm-1.2/tlm1/uvm_tlm.svh'.
Parsing included file '/tools/synopsys/vcs/W-2024.09-SP1/etc/uvm-1.2/tlm1/uvm_analysis_port.svh'.
Back to file '/tools/synopsys/vcs/W-2024.09-SP1/etc/uvm-1.2/tlm1/uvm_tlm.svh'.
Parsing included file '/tools/synopsys/vcs/W-2024.09-SP1/etc/uvm-1.2/tlm1/uvm_tlm_fifo_base.svh'.
Back to file '/tools/synopsys/vcs/W-2024.09-SP1/etc/uvm-1.2/tlm1/uvm_tlm.svh'.
Parsing included file '/tools/synopsys/vcs/W-2024.09-SP1/etc/uvm-1.2/tlm1/uvm_tlm_fifos.svh'.
Back to file '/tools/synopsys/vcs/W-2024.09-SP1/etc/uvm-1.2/tlm1/uvm_tlm.svh'.
Parsing included file '/tools/synopsys/vcs/W-2024.09-SP1/etc/uvm-1.2/tlm1/uvm_tlm_req_rsp.svh'.
Back to file '/tools/synopsys/vcs/W-2024.09-SP1/etc/uvm-1.2/tlm1/uvm_tlm.svh'.
Parsing included file '/tools/synopsys/vcs/W-2024.09-SP1/etc/uvm-1.2/tlm1/uvm_sqr_connections.svh'.
Back to file '/tools/synopsys/vcs/W-2024.09-SP1/etc/uvm-1.2/tlm1/uvm_tlm.svh'.
Back to file '/tools/synopsys/vcs/W-2024.09-SP1/etc/uvm-1.2/uvm_pkg.sv'.
Parsing included file '/tools/synopsys/vcs/W-2024.09-SP1/etc/uvm-1.2/comps/uvm_comps.svh'.
Parsing included file '/tools/synopsys/vcs/W-2024.09-SP1/etc/uvm-1.2/comps/uvm_pair.svh'.
Back to file '/tools/synopsys/vcs/W-2024.09-SP1/etc/uvm-1.2/comps/uvm_comps.svh'.
Parsing included file '/tools/synopsys/vcs/W-2024.09-SP1/etc/uvm-1.2/comps/uvm_policies.svh'.
Back to file '/tools/synopsys/vcs/W-2024.09-SP1/etc/uvm-1.2/comps/uvm_comps.svh'.
Parsing included file '/tools/synopsys/vcs/W-2024.09-SP1/etc/uvm-1.2/comps/uvm_in_order_comparator.svh'.
Back to file '/tools/synopsys/vcs/W-2024.09-SP1/etc/uvm-1.2/comps/uvm_comps.svh'.
Parsing included file '/tools/synopsys/vcs/W-2024.09-SP1/etc/uvm-1.2/comps/uvm_algorithmic_comparator.svh'.
Back to file '/tools/synopsys/vcs/W-2024.09-SP1/etc/uvm-1.2/comps/uvm_comps.svh'.
Parsing included file '/tools/synopsys/vcs/W-2024.09-SP1/etc/uvm-1.2/comps/uvm_random_stimulus.svh'.
Back to file '/tools/synopsys/vcs/W-2024.09-SP1/etc/uvm-1.2/comps/uvm_comps.svh'.
Parsing included file '/tools/synopsys/vcs/W-2024.09-SP1/etc/uvm-1.2/comps/uvm_subscriber.svh'.
Back to file '/tools/synopsys/vcs/W-2024.09-SP1/etc/uvm-1.2/comps/uvm_comps.svh'.
Parsing included file '/tools/synopsys/vcs/W-2024.09-SP1/etc/uvm-1.2/comps/uvm_monitor.svh'.
Back to file '/tools/synopsys/vcs/W-2024.09-SP1/etc/uvm-1.2/comps/uvm_comps.svh'.
Parsing included file '/tools/synopsys/vcs/W-2024.09-SP1/etc/uvm-1.2/comps/uvm_driver.svh'.
Back to file '/tools/synopsys/vcs/W-2024.09-SP1/etc/uvm-1.2/comps/uvm_comps.svh'.
Parsing included file '/tools/synopsys/vcs/W-2024.09-SP1/etc/uvm-1.2/comps/uvm_push_driver.svh'.
Back to file '/tools/synopsys/vcs/W-2024.09-SP1/etc/uvm-1.2/comps/uvm_comps.svh'.
Parsing included file '/tools/synopsys/vcs/W-2024.09-SP1/etc/uvm-1.2/comps/uvm_scoreboard.svh'.
Back to file '/tools/synopsys/vcs/W-2024.09-SP1/etc/uvm-1.2/comps/uvm_comps.svh'.
Parsing included file '/tools/synopsys/vcs/W-2024.09-SP1/etc/uvm-1.2/comps/uvm_agent.svh'.
Back to file '/tools/synopsys/vcs/W-2024.09-SP1/etc/uvm-1.2/comps/uvm_comps.svh'.
Parsing included file '/tools/synopsys/vcs/W-2024.09-SP1/etc/uvm-1.2/comps/uvm_env.svh'.
Back to file '/tools/synopsys/vcs/W-2024.09-SP1/etc/uvm-1.2/comps/uvm_comps.svh'.
Parsing included file '/tools/synopsys/vcs/W-2024.09-SP1/etc/uvm-1.2/comps/uvm_test.svh'.
Back to file '/tools/synopsys/vcs/W-2024.09-SP1/etc/uvm-1.2/comps/uvm_comps.svh'.
Back to file '/tools/synopsys/vcs/W-2024.09-SP1/etc/uvm-1.2/uvm_pkg.sv'.
Parsing included file '/tools/synopsys/vcs/W-2024.09-SP1/etc/uvm-1.2/seq/uvm_seq.svh'.
Parsing included file '/tools/synopsys/vcs/W-2024.09-SP1/etc/uvm-1.2/seq/uvm_sequence_item.svh'.
Back to file '/tools/synopsys/vcs/W-2024.09-SP1/etc/uvm-1.2/seq/uvm_seq.svh'.
Parsing included file '/tools/synopsys/vcs/W-2024.09-SP1/etc/uvm-1.2/seq/uvm_sequencer_base.svh'.
Back to file '/tools/synopsys/vcs/W-2024.09-SP1/etc/uvm-1.2/seq/uvm_seq.svh'.
Parsing included file '/tools/synopsys/vcs/W-2024.09-SP1/etc/uvm-1.2/seq/uvm_sequencer_analysis_fifo.svh'.
Back to file '/tools/synopsys/vcs/W-2024.09-SP1/etc/uvm-1.2/seq/uvm_seq.svh'.
Parsing included file '/tools/synopsys/vcs/W-2024.09-SP1/etc/uvm-1.2/seq/uvm_sequencer_param_base.svh'.
Back to file '/tools/synopsys/vcs/W-2024.09-SP1/etc/uvm-1.2/seq/uvm_seq.svh'.
Parsing included file '/tools/synopsys/vcs/W-2024.09-SP1/etc/uvm-1.2/seq/uvm_sequencer.svh'.
Back to file '/tools/synopsys/vcs/W-2024.09-SP1/etc/uvm-1.2/seq/uvm_seq.svh'.
Parsing included file '/tools/synopsys/vcs/W-2024.09-SP1/etc/uvm-1.2/seq/uvm_push_sequencer.svh'.
Back to file '/tools/synopsys/vcs/W-2024.09-SP1/etc/uvm-1.2/seq/uvm_seq.svh'.
Parsing included file '/tools/synopsys/vcs/W-2024.09-SP1/etc/uvm-1.2/seq/uvm_sequence_base.svh'.
Back to file '/tools/synopsys/vcs/W-2024.09-SP1/etc/uvm-1.2/seq/uvm_seq.svh'.
Parsing included file '/tools/synopsys/vcs/W-2024.09-SP1/etc/uvm-1.2/seq/uvm_sequence.svh'.
Back to file '/tools/synopsys/vcs/W-2024.09-SP1/etc/uvm-1.2/seq/uvm_seq.svh'.
Parsing included file '/tools/synopsys/vcs/W-2024.09-SP1/etc/uvm-1.2/seq/uvm_sequence_library.svh'.
Back to file '/tools/synopsys/vcs/W-2024.09-SP1/etc/uvm-1.2/seq/uvm_seq.svh'.
Parsing included file '/tools/synopsys/vcs/W-2024.09-SP1/etc/uvm-1.2/seq/uvm_sequence_builtin.svh'.
Back to file '/tools/synopsys/vcs/W-2024.09-SP1/etc/uvm-1.2/seq/uvm_seq.svh'.
Back to file '/tools/synopsys/vcs/W-2024.09-SP1/etc/uvm-1.2/uvm_pkg.sv'.
Parsing included file '/tools/synopsys/vcs/W-2024.09-SP1/etc/uvm-1.2/tlm2/uvm_tlm2.svh'.
Parsing included file '/tools/synopsys/vcs/W-2024.09-SP1/etc/uvm-1.2/tlm2/uvm_tlm2_defines.svh'.
Back to file '/tools/synopsys/vcs/W-2024.09-SP1/etc/uvm-1.2/tlm2/uvm_tlm2.svh'.
Parsing included file '/tools/synopsys/vcs/W-2024.09-SP1/etc/uvm-1.2/tlm2/uvm_tlm2_time.svh'.
Back to file '/tools/synopsys/vcs/W-2024.09-SP1/etc/uvm-1.2/tlm2/uvm_tlm2.svh'.
Parsing included file '/tools/synopsys/vcs/W-2024.09-SP1/etc/uvm-1.2/tlm2/uvm_tlm2_generic_payload.svh'.
Back to file '/tools/synopsys/vcs/W-2024.09-SP1/etc/uvm-1.2/tlm2/uvm_tlm2.svh'.
Parsing included file '/tools/synopsys/vcs/W-2024.09-SP1/etc/uvm-1.2/tlm2/uvm_tlm2_ifs.svh'.
Back to file '/tools/synopsys/vcs/W-2024.09-SP1/etc/uvm-1.2/tlm2/uvm_tlm2.svh'.
Parsing included file '/tools/synopsys/vcs/W-2024.09-SP1/etc/uvm-1.2/tlm2/uvm_tlm2_imps.svh'.
Back to file '/tools/synopsys/vcs/W-2024.09-SP1/etc/uvm-1.2/tlm2/uvm_tlm2.svh'.
Parsing included file '/tools/synopsys/vcs/W-2024.09-SP1/etc/uvm-1.2/tlm2/uvm_tlm2_ports.svh'.
Back to file '/tools/synopsys/vcs/W-2024.09-SP1/etc/uvm-1.2/tlm2/uvm_tlm2.svh'.
Parsing included file '/tools/synopsys/vcs/W-2024.09-SP1/etc/uvm-1.2/tlm2/uvm_tlm2_exports.svh'.
Back to file '/tools/synopsys/vcs/W-2024.09-SP1/etc/uvm-1.2/tlm2/uvm_tlm2.svh'.
Parsing included file '/tools/synopsys/vcs/W-2024.09-SP1/etc/uvm-1.2/tlm2/uvm_tlm2_sockets_base.svh'.
Back to file '/tools/synopsys/vcs/W-2024.09-SP1/etc/uvm-1.2/tlm2/uvm_tlm2.svh'.
Parsing included file '/tools/synopsys/vcs/W-2024.09-SP1/etc/uvm-1.2/tlm2/uvm_tlm2_sockets.svh'.
Back to file '/tools/synopsys/vcs/W-2024.09-SP1/etc/uvm-1.2/tlm2/uvm_tlm2.svh'.
Back to file '/tools/synopsys/vcs/W-2024.09-SP1/etc/uvm-1.2/uvm_pkg.sv'.
Parsing included file '/tools/synopsys/vcs/W-2024.09-SP1/etc/uvm-1.2/reg/uvm_reg_model.svh'.
Parsing included file '/tools/synopsys/vcs/W-2024.09-SP1/etc/uvm-1.2/reg/uvm_reg_item.svh'.
Back to file '/tools/synopsys/vcs/W-2024.09-SP1/etc/uvm-1.2/reg/uvm_reg_model.svh'.
Parsing included file '/tools/synopsys/vcs/W-2024.09-SP1/etc/uvm-1.2/reg/uvm_reg_adapter.svh'.
Back to file '/tools/synopsys/vcs/W-2024.09-SP1/etc/uvm-1.2/reg/uvm_reg_model.svh'.
Parsing included file '/tools/synopsys/vcs/W-2024.09-SP1/etc/uvm-1.2/reg/uvm_reg_predictor.svh'.
Back to file '/tools/synopsys/vcs/W-2024.09-SP1/etc/uvm-1.2/reg/uvm_reg_model.svh'.
Parsing included file '/tools/synopsys/vcs/W-2024.09-SP1/etc/uvm-1.2/reg/uvm_reg_sequence.svh'.
Back to file '/tools/synopsys/vcs/W-2024.09-SP1/etc/uvm-1.2/reg/uvm_reg_model.svh'.
Parsing included file '/tools/synopsys/vcs/W-2024.09-SP1/etc/uvm-1.2/reg/uvm_reg_cbs.svh'.
Back to file '/tools/synopsys/vcs/W-2024.09-SP1/etc/uvm-1.2/reg/uvm_reg_model.svh'.
Parsing included file '/tools/synopsys/vcs/W-2024.09-SP1/etc/uvm-1.2/reg/uvm_reg_backdoor.svh'.
Back to file '/tools/synopsys/vcs/W-2024.09-SP1/etc/uvm-1.2/reg/uvm_reg_model.svh'.
Parsing included file '/tools/synopsys/vcs/W-2024.09-SP1/etc/uvm-1.2/reg/uvm_reg_field.svh'.
Back to file '/tools/synopsys/vcs/W-2024.09-SP1/etc/uvm-1.2/reg/uvm_reg_model.svh'.
Parsing included file '/tools/synopsys/vcs/W-2024.09-SP1/etc/uvm-1.2/reg/uvm_vreg_field.svh'.
Back to file '/tools/synopsys/vcs/W-2024.09-SP1/etc/uvm-1.2/reg/uvm_reg_model.svh'.
Parsing included file '/tools/synopsys/vcs/W-2024.09-SP1/etc/uvm-1.2/reg/uvm_reg.svh'.
Back to file '/tools/synopsys/vcs/W-2024.09-SP1/etc/uvm-1.2/reg/uvm_reg_model.svh'.
Parsing included file '/tools/synopsys/vcs/W-2024.09-SP1/etc/uvm-1.2/reg/uvm_reg_indirect.svh'.
Back to file '/tools/synopsys/vcs/W-2024.09-SP1/etc/uvm-1.2/reg/uvm_reg_model.svh'.
Parsing included file '/tools/synopsys/vcs/W-2024.09-SP1/etc/uvm-1.2/reg/uvm_reg_fifo.svh'.
Back to file '/tools/synopsys/vcs/W-2024.09-SP1/etc/uvm-1.2/reg/uvm_reg_model.svh'.
Parsing included file '/tools/synopsys/vcs/W-2024.09-SP1/etc/uvm-1.2/reg/uvm_reg_file.svh'.
Back to file '/tools/synopsys/vcs/W-2024.09-SP1/etc/uvm-1.2/reg/uvm_reg_model.svh'.
Parsing included file '/tools/synopsys/vcs/W-2024.09-SP1/etc/uvm-1.2/reg/uvm_mem_mam.svh'.
Back to file '/tools/synopsys/vcs/W-2024.09-SP1/etc/uvm-1.2/reg/uvm_reg_model.svh'.
Parsing included file '/tools/synopsys/vcs/W-2024.09-SP1/etc/uvm-1.2/reg/uvm_vreg.svh'.
Back to file '/tools/synopsys/vcs/W-2024.09-SP1/etc/uvm-1.2/reg/uvm_reg_model.svh'.
Parsing included file '/tools/synopsys/vcs/W-2024.09-SP1/etc/uvm-1.2/reg/uvm_mem.svh'.
Back to file '/tools/synopsys/vcs/W-2024.09-SP1/etc/uvm-1.2/reg/uvm_reg_model.svh'.
Parsing included file '/tools/synopsys/vcs/W-2024.09-SP1/etc/uvm-1.2/reg/uvm_reg_map.svh'.
Back to file '/tools/synopsys/vcs/W-2024.09-SP1/etc/uvm-1.2/reg/uvm_reg_model.svh'.
Parsing included file '/tools/synopsys/vcs/W-2024.09-SP1/etc/uvm-1.2/reg/uvm_reg_block.svh'.
Back to file '/tools/synopsys/vcs/W-2024.09-SP1/etc/uvm-1.2/reg/uvm_reg_model.svh'.
Parsing included file '/tools/synopsys/vcs/W-2024.09-SP1/etc/uvm-1.2/reg/sequences/uvm_reg_hw_reset_seq.svh'.
Back to file '/tools/synopsys/vcs/W-2024.09-SP1/etc/uvm-1.2/reg/uvm_reg_model.svh'.
Parsing included file '/tools/synopsys/vcs/W-2024.09-SP1/etc/uvm-1.2/reg/sequences/uvm_reg_bit_bash_seq.svh'.
Back to file '/tools/synopsys/vcs/W-2024.09-SP1/etc/uvm-1.2/reg/uvm_reg_model.svh'.
Parsing included file '/tools/synopsys/vcs/W-2024.09-SP1/etc/uvm-1.2/reg/sequences/uvm_mem_walk_seq.svh'.
Back to file '/tools/synopsys/vcs/W-2024.09-SP1/etc/uvm-1.2/reg/uvm_reg_model.svh'.
Parsing included file '/tools/synopsys/vcs/W-2024.09-SP1/etc/uvm-1.2/reg/sequences/uvm_mem_access_seq.svh'.
Back to file '/tools/synopsys/vcs/W-2024.09-SP1/etc/uvm-1.2/reg/uvm_reg_model.svh'.
Parsing included file '/tools/synopsys/vcs/W-2024.09-SP1/etc/uvm-1.2/reg/sequences/uvm_reg_access_seq.svh'.
Back to file '/tools/synopsys/vcs/W-2024.09-SP1/etc/uvm-1.2/reg/uvm_reg_model.svh'.
Parsing included file '/tools/synopsys/vcs/W-2024.09-SP1/etc/uvm-1.2/reg/sequences/uvm_reg_mem_shared_access_seq.svh'.
Back to file '/tools/synopsys/vcs/W-2024.09-SP1/etc/uvm-1.2/reg/uvm_reg_model.svh'.
Parsing included file '/tools/synopsys/vcs/W-2024.09-SP1/etc/uvm-1.2/reg/sequences/uvm_reg_mem_built_in_seq.svh'.
Back to file '/tools/synopsys/vcs/W-2024.09-SP1/etc/uvm-1.2/reg/uvm_reg_model.svh'.
Parsing included file '/tools/synopsys/vcs/W-2024.09-SP1/etc/uvm-1.2/reg/sequences/uvm_reg_mem_hdl_paths_seq.svh'.
Back to file '/tools/synopsys/vcs/W-2024.09-SP1/etc/uvm-1.2/reg/uvm_reg_model.svh'.
Parsing included file '/tools/synopsys/vcs/W-2024.09-SP1/etc/uvm-1.2/reg/snps_uvm_reg_bank.svh'.
Back to file '/tools/synopsys/vcs/W-2024.09-SP1/etc/uvm-1.2/reg/uvm_reg_model.svh'.
Back to file '/tools/synopsys/vcs/W-2024.09-SP1/etc/uvm-1.2/uvm_pkg.sv'.
Parsing included file '/tools/synopsys/vcs/W-2024.09-SP1/etc/uvm-1.2/vcs/vcs_uvm_alt.sv'.
Back to file '/tools/synopsys/vcs/W-2024.09-SP1/etc/uvm-1.2/uvm_pkg.sv'.
Parsing design file '/tools/synopsys/vcs/W-2024.09-SP1/etc/uvm-1.2/vcs/uvm_custom_install_vcs_recorder.sv'
Parsing included file '/tools/synopsys/vcs/W-2024.09-SP1/etc/uvm-1.2/vcs/msglog.svh'.
Back to file '/tools/synopsys/vcs/W-2024.09-SP1/etc/uvm-1.2/vcs/uvm_custom_install_vcs_recorder.sv'.
Parsing included file '/tools/synopsys/vcs/W-2024.09-SP1/etc/uvm-1.2/vcs/uvm_msglog_report_server.sv'.
Back to file '/tools/synopsys/vcs/W-2024.09-SP1/etc/uvm-1.2/vcs/uvm_custom_install_vcs_recorder.sv'.
Parsing included file '/tools/synopsys/vcs/W-2024.09-SP1/etc/uvm-1.2/vcs/uvm_vcs_recorder.svh'.
Parsing included file '/tools/synopsys/vcs/W-2024.09-SP1/etc/uvm-1.2/vcs/uvm_vcs_tr_database.svh'.
Parsing included file '/tools/synopsys/vcs/W-2024.09-SP1/etc/uvm-1.2/vcs/uvm_vcs_tr_stream.svh'.
Back to file '/tools/synopsys/vcs/W-2024.09-SP1/etc/uvm-1.2/vcs/uvm_vcs_tr_database.svh'.
Back to file '/tools/synopsys/vcs/W-2024.09-SP1/etc/uvm-1.2/vcs/uvm_vcs_recorder.svh'.
Back to file '/tools/synopsys/vcs/W-2024.09-SP1/etc/uvm-1.2/vcs/uvm_custom_install_vcs_recorder.sv'.
Parsing included file '/tools/synopsys/vcs/W-2024.09-SP1/etc/uvm-1.2/vcs/uvm_vcs_record_interface.sv'.
Back to file '/tools/synopsys/vcs/W-2024.09-SP1/etc/uvm-1.2/vcs/uvm_custom_install_vcs_recorder.sv'.
Parsing design file '/tools/synopsys/vcs/W-2024.09-SP1/etc/uvm-1.2/verdi/uvm_custom_install_verdi_recorder.sv'
Parsing included file '/tools/synopsys/vcs/W-2024.09-SP1/etc/uvm-1.2/uvm_macros.svh'.
Back to file '/tools/synopsys/vcs/W-2024.09-SP1/etc/uvm-1.2/verdi/uvm_custom_install_verdi_recorder.sv'.
Parsing included file '/tools/synopsys/vcs/W-2024.09-SP1/etc/uvm-1.2/verdi/uvm_verdi_recorder.svh'.
Parsing included file '/tools/synopsys/vcs/W-2024.09-SP1/etc/uvm-1.2/verdi/uvm_verdi_pli_base.svh'.
Back to file '/tools/synopsys/vcs/W-2024.09-SP1/etc/uvm-1.2/verdi/uvm_verdi_recorder.svh'.
Parsing included file '/tools/synopsys/vcs/W-2024.09-SP1/etc/uvm-1.2/verdi/uvm_verdi_tr_database.svh'.
Parsing included file '/tools/synopsys/vcs/W-2024.09-SP1/etc/uvm-1.2/verdi/uvm_verdi_tr_stream.svh'.
Back to file '/tools/synopsys/vcs/W-2024.09-SP1/etc/uvm-1.2/verdi/uvm_verdi_tr_database.svh'.
Back to file '/tools/synopsys/vcs/W-2024.09-SP1/etc/uvm-1.2/verdi/uvm_verdi_recorder.svh'.
Back to file '/tools/synopsys/vcs/W-2024.09-SP1/etc/uvm-1.2/verdi/uvm_custom_install_verdi_recorder.sv'.
Parsing included file '/tools/synopsys/vcs/W-2024.09-SP1/etc/uvm-1.2/verdi/uvm_verdi_reg_map_recording.sv'.
Back to file '/tools/synopsys/vcs/W-2024.09-SP1/etc/uvm-1.2/verdi/uvm_custom_install_verdi_recorder.sv'.
Parsing included file '/tools/synopsys/vcs/W-2024.09-SP1/etc/uvm-1.2/verdi/uvm_verdi_message_catcher.svh'.
Parsing included file '/tools/synopsys/vcs/W-2024.09-SP1/etc/uvm-1.2/verdi/uvm_verdi_pli_base.svh'.
Back to file '/tools/synopsys/vcs/W-2024.09-SP1/etc/uvm-1.2/verdi/uvm_verdi_message_catcher.svh'.
Back to file '/tools/synopsys/vcs/W-2024.09-SP1/etc/uvm-1.2/verdi/uvm_custom_install_verdi_recorder.sv'.
Parsing included file '/tools/synopsys/vcs/W-2024.09-SP1/etc/uvm-1.2/verdi/uvm_verdi_factory.svh'.
Back to file '/tools/synopsys/vcs/W-2024.09-SP1/etc/uvm-1.2/verdi/uvm_custom_install_verdi_recorder.sv'.
Parsing included file '/tools/synopsys/vcs/W-2024.09-SP1/etc/uvm-1.2/verdi/./dpi/uvm_verdi_dpi.svh'.
Back to file '/tools/synopsys/vcs/W-2024.09-SP1/etc/uvm-1.2/verdi/uvm_custom_install_verdi_recorder.sv'.
Parsing included file '/tools/synopsys/vcs/W-2024.09-SP1/etc/uvm-1.2/verdi/uvm_verdi_reg_recording.sv'.
Back to file '/tools/synopsys/vcs/W-2024.09-SP1/etc/uvm-1.2/verdi/uvm_custom_install_verdi_recorder.sv'.
Parsing included file '/tools/synopsys/verdi/W-2024.09-SP2/share/PLI/VCS/include/verdi_trans_recorder_dpi.svh'.
Back to file '/tools/synopsys/vcs/W-2024.09-SP1/etc/uvm-1.2/verdi/uvm_custom_install_verdi_recorder.sv'.
Parsing included file '/tools/synopsys/vcs/W-2024.09-SP1/etc/uvm-1.2/verdi/uvm_verdi_pli.svh'.
Back to file '/tools/synopsys/vcs/W-2024.09-SP1/etc/uvm-1.2/verdi/uvm_custom_install_verdi_recorder.sv'.
Parsing design file '/tools/synopsys/vcs/W-2024.09-SP1/etc/uvm-1.2/verdi/uvm_custom_install_verdi_recorder.sv'
Parsing design file './common/spi_master_if.sv'
Parsing design file './common/spi_slave_if.sv'
Parsing design file './common/tb_spi_pkg.sv'
Parsing included file '/tools/synopsys/vcs/W-2024.09-SP1/etc/uvm-1.2/uvm_macros.svh'.
Back to file './common/tb_spi_pkg.sv'.
Parsing design file './tb_spi_slave.sv'
Parsing included file '/tools/synopsys/vcs/W-2024.09-SP1/etc/uvm-1.2/uvm_macros.svh'.
Back to file './tb_spi_slave.sv'.
Parsing design file '../rtl/spi_slave.sv'
Top Level Modules:
       uvm_custom_install_verdi_recording
       tb_spi_slave
TimeScale is 1 ns / 1 ps
VCS Coverage Metrics Release W-2024.09-SP1_Full64 Copyright (c) 1991-2024 by Synopsys Inc.
Starting vcs inline pass...
10 modules and 0 UDP read.
recompiling package vcs_paramclassrepository
recompiling package _vcs_DPI_package
recompiling package uvm_pkg
recompiling package _vcs_msglog
recompiling module uvm_custom_install_verdi_recording
recompiling module spi_master_if
recompiling module spi_slave_if
recompiling package tb_spi_pkg
recompiling module tb_spi_slave
recompiling module spi_slave
All of 10 modules done
Warning : License for product VCS-BASE-COMPILE will expire within 23 days, on: 22-jun-2026.

If you would like to temporarily disable this message, set 
 the VCS_LIC_EXPIRE_WARNING environment variable to the number of days
before expiration that you want this message to start (the minimum is 0).
make[3]: Entering directory '/home/hedu17/UVM_TEST/07_spi_slave/tb/csrc'
make[3]: Leaving directory '/home/hedu17/UVM_TEST/07_spi_slave/tb/csrc'
make[3]: Entering directory '/home/hedu17/UVM_TEST/07_spi_slave/tb/csrc'
rm -f _cuarc*.so _csrc*.so pre_vcsobj_*.so share_vcsobj_*.so
g++ -w  -pipe -DVCSMX -DUVM_DPI_DO_TYPE_CHECK -fPIC -O -I/tools/synopsys/vcs/W-2024.09-SP1/include    -c /tools/synopsys/vcs/W-2024.09-SP1/etc/uvm-1.2/dpi/uvm_dpi.cc
g++ -w  -pipe -DVCSMX -DUVM_DPI_DO_TYPE_CHECK -fPIC -O -I/tools/synopsys/vcs/W-2024.09-SP1/include    -c /tools/synopsys/vcs/W-2024.09-SP1/etc/uvm-1.2/verdi/dpi/uvm_verdi_dpi.cpp
if [ -x ../simv ]; then chmod a-x ../simv; fi
g++  -o ../simv      -rdynamic  -Wl,-rpath='$ORIGIN'/simv.daidir -Wl,-rpath=./simv.daidir -Wl,-rpath=/tools/synopsys/vcs/W-2024.09-SP1/linux64/lib -L/tools/synopsys/vcs/W-2024.09-SP1/linux64/lib  -Wl,-rpath-link=./  /usr/lib64/libnuma.so.1 uvm_dpi.o uvm_verdi_dpi.o   objs/amcQw_d.o  _1212280_archive_1.so  SIM_l.o      rmapats_mop.o rmapats.o rmar.o rmar_nd.o  rmar_llvm_0_1.o rmar_llvm_0_0.o            -lvirsim -lerrorinf -lsnpsmalloc -lvfs    -lvcsnew -lsimprofile -lreader_common /tools/synopsys/vcs/W-2024.09-SP1/linux64/lib/libBA.a -luclinative /tools/synopsys/vcs/W-2024.09-SP1/linux64/lib/vcs_tls.o   -Wl,-whole-archive  -lvcsucli    -Wl,-no-whole-archive      ./../simv.daidir/vc_hdrs.o _vcs_pli_stub_.o   /tools/synopsys/vcs/W-2024.09-SP1/linux64/lib/vcs_save_restore_new.o /tools/synopsys/verdi/W-2024.09-SP2/share/PLI/VCS/LINUX64/pli.a -ldl  -lc -lm -lpthread -ldl 
../simv up to date
make[3]: Leaving directory '/home/hedu17/UVM_TEST/07_spi_slave/tb/csrc'
CPU time: 7.674 seconds to compile + .195 seconds to elab + .723 seconds to link
Verdi KDB elaboration done and the database successfully generated
./simv -cm line+cond+fsm+tgl+branch+assert -cm_dir simv.vdb +SPI_SLAVE_SEQ=all -l run.log
Info: [VCS_SAVE_RESTORE_INFO] ASLR (Address Space Layout Randomization) is detected on the machine. To enable $save functionality, ASLR will be switched off and simv re-executed.
Please use '-no_save' simv switch to avoid re-execution or '-suppress=ASLR_DETECTED_INFO' to suppress this message.
Chronologic VCS simulator copyright 1991-2024
Contains Synopsys proprietary information.
Compiler version W-2024.09-SP1_Full64; Runtime version W-2024.09-SP1_Full64;  May 31 16:14 2026
Warning : License for product VCS-BASE-RUNTIME will expire within 23 days, on: 22-jun-2026.

If you would like to temporarily disable this message, set 
 the VCS_LIC_EXPIRE_WARNING environment variable to the number of days
before expiration that you want this message to start (the minimum is 0).
UVM_INFO /tools/synopsys/vcs/W-2024.09-SP1/etc/uvm-1.2/base/uvm_root.svh(402) @ 0: reporter [UVM/RELNOTES] 
----------------------------------------------------------------
UVM-1.2.Synopsys
(C) 2007-2014 Mentor Graphics Corporation
(C) 2007-2014 Cadence Design Systems, Inc.
(C) 2006-2014 Synopsys, Inc.
(C) 2011-2013 Cypress Semiconductor Corp.
(C) 2013-2014 NVIDIA Corporation
----------------------------------------------------------------

  ***********       IMPORTANT RELEASE NOTES         ************

  You are using a version of the UVM library that has been compiled
  with `UVM_NO_DEPRECATED undefined.
  See http://www.eda.org/svdb/view.php?id=3313 for more details.

  You are using a version of the UVM library that has been compiled
  with `UVM_OBJECT_DO_NOT_NEED_CONSTRUCTOR undefined.
  See http://www.eda.org/svdb/view.php?id=3770 for more details.

      (Specify +UVM_NO_RELNOTES to turn off this notice)


 VCS Coverage Metrics Release W-2024.09-SP1_Full64 Copyright (c) 1991-2024 by Synopsys Inc.
UVM_INFO @ 0: reporter [RNTST] Running test spi_slave_test...
*Verdi* Loading libsscore_vcs202409.so
FSDB Dumper for VCS, Release Verdi_W-2024.09-SP2, Linux x86_64/64bit, 03/03/2025
(C) 1996 - 2025 by Synopsys, Inc.
*Verdi* : Create FSDB file 'novas.fsdb'
*Verdi* : Begin traversing the scope (tb_spi_slave), layer (0).
*Verdi* : End of traversing.
UVM_INFO /tools/synopsys/vcs/W-2024.09-SP1/etc/uvm-1.2/base/uvm_objection.svh(1276) @ 229915000: reporter [TEST_DONE] 'run' phase is ready to proceed to the 'extract' phase
UVM_INFO ./common/tb_spi_pkg.sv(1157) @ 229915000: uvm_test_top.env.scoreboard [SPI_SLV_SCB] Scoreboard pass=274 fail=0
UVM_INFO /tools/synopsys/vcs/W-2024.09-SP1/etc/uvm-1.2/base/uvm_report_server.svh(904) @ 229915000: reporter [UVM/REPORT/SERVER] 
--- UVM Report Summary ---

** Report counts by severity
UVM_INFO :    4
UVM_WARNING :    0
UVM_ERROR :    0
UVM_FATAL :    0
** Report counts by id
[RNTST]     1
[SPI_SLV_SCB]     1
[TEST_DONE]     1
[UVM/RELNOTES]     1

$finish called from file "/tools/synopsys/vcs/W-2024.09-SP1/etc/uvm-1.2/base/uvm_root.svh", line 527.
$finish at simulation time            229915000

---------------------------------------------------------------------------
VCS Coverage Metrics: during simulation line, cond, FSM, branch, tgl was monitored
---------------------------------------------------------------------------

 Coverage status: End of All Coverages ...

           V C S   S i m u l a t i o n   R e p o r t 
Time: 229915000 ps
CPU Time:      0.270 seconds;       Data structure size:   0.6Mb
Sun May 31 16:14:03 2026
urg -dir simv.vdb -report urgReport
Note: Bumping stack limit from 8192 to unlimited Kbytes.
URG Version W-2024.09-SP1                     Copyright (c) 1991 - 2024 Synopsys, Inc.
   This software and the associated documentation are proprietary to Synopsys,
 Inc. This software may only be used in accordance with the terms and conditions
 of a written license agreement with Synopsys, Inc. All other use, reproduction,
   or distribution of this software is strictly prohibited.  Licensed Products
     communicate with Synopsys servers for the purpose of providing software
    updates, detecting software piracy and verifying that customers are using
    Licensed Products in conformity with the applicable License Key for such
  Licensed Products. Synopsys will use information gathered in connection with
    this process to deliver software updates and pursue software pirates and
                                   infringers.

 Inclusivity & Diversity - Visit SolvNetPlus to read the "Synopsys Statement on
            Inclusivity and Diversity" (Refer to article 000036315 at
                        https://solvnetplus.synopsys.com)
make[2]: Leaving directory '/home/hedu17/UVM_TEST/07_spi_slave/tb'
make[1]: Leaving directory '/home/hedu17/UVM_TEST/07_spi_slave'

Note-[URG-RDG] Report directory generated
  Report written to directory urgReport

